Archive member included because of file (symbol)

c:/freescale/kds_v3/toolchain/bin/../lib/gcc/arm-none-eabi/4.8.4/armv6-m\libgcc.a(_arm_cmpsf2.o)
                              ./Generated_Code/PwmLdd1.o (__aeabi_fcmpgt)
c:/freescale/kds_v3/toolchain/bin/../lib/gcc/arm-none-eabi/4.8.4/armv6-m\libgcc.a(_fixunssfsi.o)
                              ./Sources/Events.o (__aeabi_f2uiz)
c:/freescale/kds_v3/toolchain/bin/../lib/gcc/arm-none-eabi/4.8.4/armv6-m\libgcc.a(eqsf2.o)
                              c:/freescale/kds_v3/toolchain/bin/../lib/gcc/arm-none-eabi/4.8.4/armv6-m\libgcc.a(_arm_cmpsf2.o) (__eqsf2)
c:/freescale/kds_v3/toolchain/bin/../lib/gcc/arm-none-eabi/4.8.4/armv6-m\libgcc.a(gesf2.o)
                              c:/freescale/kds_v3/toolchain/bin/../lib/gcc/arm-none-eabi/4.8.4/armv6-m\libgcc.a(_arm_cmpsf2.o) (__gesf2)
c:/freescale/kds_v3/toolchain/bin/../lib/gcc/arm-none-eabi/4.8.4/armv6-m\libgcc.a(lesf2.o)
                              c:/freescale/kds_v3/toolchain/bin/../lib/gcc/arm-none-eabi/4.8.4/armv6-m\libgcc.a(_arm_cmpsf2.o) (__lesf2)
c:/freescale/kds_v3/toolchain/bin/../lib/gcc/arm-none-eabi/4.8.4/armv6-m\libgcc.a(mulsf3.o)
                              ./Sources/Events.o (__aeabi_fmul)
c:/freescale/kds_v3/toolchain/bin/../lib/gcc/arm-none-eabi/4.8.4/armv6-m\libgcc.a(subsf3.o)
                              c:/freescale/kds_v3/toolchain/bin/../lib/gcc/arm-none-eabi/4.8.4/armv6-m\libgcc.a(_fixunssfsi.o) (__aeabi_fsub)
c:/freescale/kds_v3/toolchain/bin/../lib/gcc/arm-none-eabi/4.8.4/armv6-m\libgcc.a(fixsfsi.o)
                              c:/freescale/kds_v3/toolchain/bin/../lib/gcc/arm-none-eabi/4.8.4/armv6-m\libgcc.a(_fixunssfsi.o) (__aeabi_f2iz)
c:/freescale/kds_v3/toolchain/bin/../lib/gcc/arm-none-eabi/4.8.4/armv6-m\libgcc.a(floatsisf.o)
                              ./Sources/Events.o (__aeabi_i2f)
c:/freescale/kds_v3/toolchain/bin/../lib/gcc/arm-none-eabi/4.8.4/armv6-m\libgcc.a(_clzsi2.o)
                              c:/freescale/kds_v3/toolchain/bin/../lib/gcc/arm-none-eabi/4.8.4/armv6-m\libgcc.a(mulsf3.o) (__clzsi2)
c:/freescale/kds_v3/toolchain/bin/../lib/gcc/arm-none-eabi/4.8.4/../../../../arm-none-eabi/lib/armv6-m\libg_s.a(lib_a-exit.o)
                              c:/freescale/kds_v3/toolchain/bin/../lib/gcc/arm-none-eabi/4.8.4/../../../../arm-none-eabi/lib/armv6-m/crt0.o (exit)
c:/freescale/kds_v3/toolchain/bin/../lib/gcc/arm-none-eabi/4.8.4/../../../../arm-none-eabi/lib/armv6-m\libg_s.a(lib_a-impure.o)
                              c:/freescale/kds_v3/toolchain/bin/../lib/gcc/arm-none-eabi/4.8.4/../../../../arm-none-eabi/lib/armv6-m\libg_s.a(lib_a-exit.o) (_global_impure_ptr)
c:/freescale/kds_v3/toolchain/bin/../lib/gcc/arm-none-eabi/4.8.4/../../../../arm-none-eabi/lib/armv6-m\libg_s.a(lib_a-init.o)
                              c:/freescale/kds_v3/toolchain/bin/../lib/gcc/arm-none-eabi/4.8.4/../../../../arm-none-eabi/lib/armv6-m/crt0.o (__libc_init_array)
c:/freescale/kds_v3/toolchain/bin/../lib/gcc/arm-none-eabi/4.8.4/../../../../arm-none-eabi/lib/armv6-m\libg_s.a(lib_a-memset.o)
                              c:/freescale/kds_v3/toolchain/bin/../lib/gcc/arm-none-eabi/4.8.4/../../../../arm-none-eabi/lib/armv6-m/crt0.o (memset)
c:/freescale/kds_v3/toolchain/bin/../lib/gcc/arm-none-eabi/4.8.4/../../../../arm-none-eabi/lib/armv6-m\libnosys.a(_exit.o)
                              c:/freescale/kds_v3/toolchain/bin/../lib/gcc/arm-none-eabi/4.8.4/../../../../arm-none-eabi/lib/armv6-m\libg_s.a(lib_a-exit.o) (_exit)

Allocating common symbols
Common symbol       size              file

adc_val             0x100             ./Sources/main.o
AD1_OutV            0x2               ./Generated_Code/AD1.o
AdcLdd1_DeviceDataPtr
                    0x4               ./Generated_Code/AD1.o
measure_adc_flag    0x1               ./Sources/main.o
adc_index           0x1               ./Sources/main.o
SR_reg              0x1               ./Generated_Code/Cpu.o
cam_binary          0x100             ./Sources/main.o
adc_val_buf         0x100             ./Sources/main.o

Discarded input sections

 .text          0x00000000        0x0 c:/freescale/kds_v3/toolchain/bin/../lib/gcc/arm-none-eabi/4.8.4/armv6-m/crti.o
 .data          0x00000000        0x0 c:/freescale/kds_v3/toolchain/bin/../lib/gcc/arm-none-eabi/4.8.4/armv6-m/crti.o
 .bss           0x00000000        0x0 c:/freescale/kds_v3/toolchain/bin/../lib/gcc/arm-none-eabi/4.8.4/armv6-m/crti.o
 .data          0x00000000        0x4 c:/freescale/kds_v3/toolchain/bin/../lib/gcc/arm-none-eabi/4.8.4/armv6-m/crtbegin.o
 .data          0x00000000        0x0 c:/freescale/kds_v3/toolchain/bin/../lib/gcc/arm-none-eabi/4.8.4/../../../../arm-none-eabi/lib/armv6-m/crt0.o
 .bss           0x00000000        0x0 c:/freescale/kds_v3/toolchain/bin/../lib/gcc/arm-none-eabi/4.8.4/../../../../arm-none-eabi/lib/armv6-m/crt0.o
[...]
Memory Configuration

Name             Origin             Length             Attributes
m_interrupts     0x00000000         0x000000c0         xr
m_text           0x00000410         0x0001fbf0         xr
m_data           0x1ffff000         0x00004000         rw
m_cfmprotrom     0x00000400         0x00000010         xr
*default*        0x00000000         0xffffffff

Linker script and memory map

LOAD c:/freescale/kds_v3/toolchain/bin/../lib/gcc/arm-none-eabi/4.8.4/armv6-m/crti.o
LOAD c:/freescale/kds_v3/toolchain/bin/../lib/gcc/arm-none-eabi/4.8.4/armv6-m/crtbegin.o
LOAD c:/freescale/kds_v3/toolchain/bin/../lib/gcc/arm-none-eabi/4.8.4/../../../../arm-none-eabi/lib/armv6-m/crt0.o
LOAD ./Sources/Events.o
LOAD ./Sources/main.o
LOAD ./Project_Settings/Startup_Code/startup.o
LOAD ./Generated_Code/AD1.o
LOAD ./Generated_Code/AdcLdd1.o
LOAD ./Generated_Code/Cpu.o
LOAD ./Generated_Code/PE_LDD.o
LOAD ./Generated_Code/PWM1.o
LOAD ./Generated_Code/PwmLdd1.o
LOAD ./Generated_Code/TI1.o
LOAD ./Generated_Code/TI2.o
LOAD ./Generated_Code/TU1.o
LOAD ./Generated_Code/TU2.o
LOAD ./Generated_Code/TU3.o
LOAD ./Generated_Code/TimerIntLdd1.o
LOAD ./Generated_Code/TimerIntLdd2.o
LOAD ./Generated_Code/Vectors.o
LOAD ./Generated_Code/clk_cam.o
LOAD ./Generated_Code/si_cam.o
LOAD c:/freescale/kds_v3/toolchain/bin/../lib/gcc/arm-none-eabi/4.8.4/../../../../arm-none-eabi/lib/armv6-m\libstdc++_s.a
LOAD c:/freescale/kds_v3/toolchain/bin/../lib/gcc/arm-none-eabi/4.8.4/../../../../arm-none-eabi/lib/armv6-m\libm.a
START GROUP
LOAD c:/freescale/kds_v3/toolchain/bin/../lib/gcc/arm-none-eabi/4.8.4/armv6-m\libgcc.a
LOAD c:/freescale/kds_v3/toolchain/bin/../lib/gcc/arm-none-eabi/4.8.4/../../../../arm-none-eabi/lib/armv6-m\libg_s.a
LOAD c:/freescale/kds_v3/toolchain/bin/../lib/gcc/arm-none-eabi/4.8.4/../../../../arm-none-eabi/lib/armv6-m\libc_s.a
END GROUP
START GROUP
LOAD c:/freescale/kds_v3/toolchain/bin/../lib/gcc/arm-none-eabi/4.8.4/armv6-m\libgcc.a
LOAD c:/freescale/kds_v3/toolchain/bin/../lib/gcc/arm-none-eabi/4.8.4/../../../../arm-none-eabi/lib/armv6-m\libc_s.a
LOAD c:/freescale/kds_v3/toolchain/bin/../lib/gcc/arm-none-eabi/4.8.4/../../../../arm-none-eabi/lib/armv6-m\libnosys.a
END GROUP
START GROUP
LOAD c:/freescale/kds_v3/toolchain/bin/../lib/gcc/arm-none-eabi/4.8.4/armv6-m\libgcc.a
LOAD c:/freescale/kds_v3/toolchain/bin/../lib/gcc/arm-none-eabi/4.8.4/../../../../arm-none-eabi/lib/armv6-m\libc_s.a
LOAD c:/freescale/kds_v3/toolchain/bin/../lib/gcc/arm-none-eabi/4.8.4/../../../../arm-none-eabi/lib/armv6-m\libnosys.a
END GROUP
LOAD c:/freescale/kds_v3/toolchain/bin/../lib/gcc/arm-none-eabi/4.8.4/armv6-m/crtend.o
LOAD c:/freescale/kds_v3/toolchain/bin/../lib/gcc/arm-none-eabi/4.8.4/armv6-m/crtn.o
                0x20003000                _estack = 0x20003000
                0x20003000                __SP_INIT = _estack
                0x20003000                __stack = _estack
                0x00000000                __heap_size = 0x0
                0x00000400                __stack_size = 0x400

.interrupts     0x00000000       0xc0
                0x00000000                __vector_table = .
                0x00000000                . = ALIGN (0x4)
 *(.vectortable)
 .vectortable   0x00000000       0xc0 ./Generated_Code/Vectors.o
                0x00000000                __vect_table
                0x000000c0                . = ALIGN (0x4)

.cfmprotect     0x00000400       0x10
                0x00000400                . = ALIGN (0x4)
 *(.cfmconfig)
 .cfmconfig     0x00000400       0x10 ./Generated_Code/Cpu.o
                0x00000400                _cfm
                0x00000410                . = ALIGN (0x4)

.text           0x00000410     0x20b8
                0x00000410                . = ALIGN (0x4)
 *(.text)
 .text          0x00000410       0x60 c:/freescale/kds_v3/toolchain/bin/../lib/gcc/arm-none-eabi/4.8.4/armv6-m/crtbegin.o
 .text          0x00000470       0x78 c:/freescale/kds_v3/toolchain/bin/../lib/gcc/arm-none-eabi/4.8.4/../../../../arm-none-eabi/lib/armv6-m/crt0.o
                0x00000470                _start
                0x00000470                _mainCRTStartup
 .text          0x000004e8       0x74 c:/freescale/kds_v3/toolchain/bin/../lib/gcc/arm-none-eabi/4.8.4/armv6-m\libgcc.a(_arm_cmpsf2.o)
                0x000004e8                __aeabi_cfrcmple
                0x000004f0                __aeabi_cfcmpeq
                0x000004f0                __aeabi_cfcmple
                0x00000500                __aeabi_fcmpeq
                0x0000050c                __aeabi_fcmplt
                0x00000520                __aeabi_fcmple
                0x00000534                __aeabi_fcmpgt
                0x00000548                __aeabi_fcmpge
 .text          0x0000055c       0x30 c:/freescale/kds_v3/toolchain/bin/../lib/gcc/arm-none-eabi/4.8.4/armv6-m\libgcc.a(_fixunssfsi.o)
                0x0000055c                __fixunssfsi
                0x0000055c                __aeabi_f2uiz
 .text          0x0000058c       0x54 c:/freescale/kds_v3/toolchain/bin/../lib/gcc/arm-none-eabi/4.8.4/armv6-m\libgcc.a(eqsf2.o)
                0x0000058c                __eqsf2
                0x0000058c                __nesf2
 .text          0x000005e0       0x90 c:/freescale/kds_v3/toolchain/bin/../lib/gcc/arm-none-eabi/4.8.4/armv6-m\libgcc.a(gesf2.o)
                0x000005e0                __gesf2
                0x000005e0                __gtsf2
 .text          0x00000670       0x98 c:/freescale/kds_v3/toolchain/bin/../lib/gcc/arm-none-eabi/4.8.4/armv6-m\libgcc.a(lesf2.o)
                0x00000670                __ltsf2
                0x00000670                __lesf2
 .text          0x00000708      0x254 c:/freescale/kds_v3/toolchain/bin/../lib/gcc/arm-none-eabi/4.8.4/armv6-m\libgcc.a(mulsf3.o)
                0x00000708                __aeabi_fmul
 .text          0x0000095c      0x2ec c:/freescale/kds_v3/toolchain/bin/../lib/gcc/arm-none-eabi/4.8.4/armv6-m\libgcc.a(subsf3.o)
                0x0000095c                __aeabi_fsub
 .text          0x00000c48       0x40 c:/freescale/kds_v3/toolchain/bin/../lib/gcc/arm-none-eabi/4.8.4/armv6-m\libgcc.a(fixsfsi.o)
                0x00000c48                __aeabi_f2iz
 .text          0x00000c88       0xb8 c:/freescale/kds_v3/toolchain/bin/../lib/gcc/arm-none-eabi/4.8.4/armv6-m\libgcc.a(floatsisf.o)
                0x00000c88                __aeabi_i2f
 .text          0x00000d40       0x3c c:/freescale/kds_v3/toolchain/bin/../lib/gcc/arm-none-eabi/4.8.4/armv6-m\libgcc.a(_clzsi2.o)
                0x00000d40                __clzsi2
 *(.text*)
 .text.Cpu_OnNMIINT
                0x00000d7c        0x8 ./Sources/Events.o
                0x00000d7c                Cpu_OnNMIINT
 .text.TI1_OnInterrupt
                0x00000d84       0x9c ./Sources/Events.o
                0x00000d84                TI1_OnInterrupt
 .text.AD1_OnEnd
                0x00000e20        0x8 ./Sources/Events.o
                0x00000e20                AD1_OnEnd
 .text.AD1_OnCalibrationEnd
                0x00000e28        0x8 ./Sources/Events.o
                0x00000e28                AD1_OnCalibrationEnd
 .text.TI2_OnInterrupt
                0x00000e30       0x60 ./Sources/Events.o
                0x00000e30                TI2_OnInterrupt
 .text.PWM1_OnEnd
                0x00000e90        0x8 ./Sources/Events.o
                0x00000e90                PWM1_OnEnd
 .text.main     0x00000e98      0x148 ./Sources/main.o
                0x00000e98                main
 .text.__copy_rom_section
                0x00000fe0       0xd8 ./Project_Settings/Startup_Code/startup.o
                0x00000fe0                __copy_rom_section
 .text.__copy_rom_sections_to_ram
                0x000010b8       0x98 ./Project_Settings/Startup_Code/startup.o
                0x000010b8                __copy_rom_sections_to_ram
 .text.__init_registers
                0x00001150        0x8 ./Project_Settings/Startup_Code/startup.o
                0x00001150                __init_registers
 .text.__init_user
                0x00001158        0x8 ./Project_Settings/Startup_Code/startup.o
                0x00001158                __init_user
 .text.__thumb_startup
                0x00001160       0x30 ./Project_Settings/Startup_Code/startup.o
                0x00001160                __thumb_startup
 .text.AD1_HWEnDi
                0x00001190       0x48 ./Generated_Code/AD1.o
                0x00001190                AD1_HWEnDi
 .text.AD1_Measure
                0x000011d8       0x48 ./Generated_Code/AD1.o
                0x000011d8                AD1_Measure
 .text.AD1_GetValue16
                0x00001220       0x34 ./Generated_Code/AD1.o
                0x00001220                AD1_GetValue16
 .text.AdcLdd1_OnMeasurementComplete
                0x00001254       0x5c ./Generated_Code/AD1.o
                0x00001254                AdcLdd1_OnMeasurementComplete
 .text.AD1_Init
                0x000012b0       0x2c ./Generated_Code/AD1.o
                0x000012b0                AD1_Init
 .text.AdcLdd1_Init
                0x000012dc       0xb8 ./Generated_Code/AdcLdd1.o
                0x000012dc                AdcLdd1_Init
 .text.AdcLdd1_StartSingleMeasurement
                0x00001394       0x44 ./Generated_Code/AdcLdd1.o
                0x00001394                AdcLdd1_StartSingleMeasurement
 .text.AdcLdd1_CreateSampleGroup
                0x000013d8       0x64 ./Generated_Code/AdcLdd1.o
                0x000013d8                AdcLdd1_CreateSampleGroup
 .text.AdcLdd1_GetMeasuredValues
                0x0000143c       0x60 ./Generated_Code/AdcLdd1.o
                0x0000143c                AdcLdd1_GetMeasuredValues
 .text.AdcLdd1_GetCalibrationResultStatus
                0x0000149c       0xb8 ./Generated_Code/AdcLdd1.o
                0x0000149c                AdcLdd1_GetCalibrationResultStatus
 .text.AdcLdd1_MeasurementCompleteInterrupt
                0x00001554       0x30 ./Generated_Code/AdcLdd1.o
                0x00001554                AdcLdd1_MeasurementCompleteInterrupt
 .text.Cpu_INT_NMIInterrupt
                0x00001584        0xc ./Generated_Code/Cpu.o
                0x00001584                Cpu_INT_NMIInterrupt
 .text.Cpu_Interrupt
                0x00001590        0xc ./Generated_Code/Cpu.o
                0x00001590                Cpu_Interrupt
 .text.__init_hardware
                0x0000159c      0x110 ./Generated_Code/Cpu.o
                0x0000159c                __init_hardware
 .text.PE_low_level_init
                0x000016ac       0xec ./Generated_Code/Cpu.o
                0x000016ac                PE_low_level_init
 .text.PwmLdd1_OnEnd
                0x00001798       0x14 ./Generated_Code/PWM1.o
                0x00001798                PwmLdd1_OnEnd
 .text.PwmLdd1_Init
                0x000017ac       0x58 ./Generated_Code/PwmLdd1.o
                0x000017ac                PwmLdd1_Init
 .text.PwmLdd1_SetDutyUS
                0x00001804       0x7c ./Generated_Code/PwmLdd1.o
                0x00001804                PwmLdd1_SetDutyUS
 .text.TU3_OnCounterRestart
                0x00001880       0x24 ./Generated_Code/PwmLdd1.o
                0x00001880                TU3_OnCounterRestart
 .text.SetRatio
                0x000018a4       0x68 ./Generated_Code/PwmLdd1.o
 .text.TimerIntLdd1_OnInterrupt
                0x0000190c       0x14 ./Generated_Code/TI1.o
                0x0000190c                TimerIntLdd1_OnInterrupt
 .text.TimerIntLdd2_OnInterrupt
                0x00001920       0x14 ./Generated_Code/TI2.o
                0x00001920                TimerIntLdd2_OnInterrupt
 .text.TU1_Init
                0x00001934       0xfc ./Generated_Code/TU1.o
                0x00001934                TU1_Init
 .text.TU1_SetEventMask
                0x00001a30       0xe8 ./Generated_Code/TU1.o
                0x00001a30                TU1_SetEventMask
 .text.TU1_GetEventMask
                0x00001b18       0x18 ./Generated_Code/TU1.o
                0x00001b18                TU1_GetEventMask
 .text.TU1_SetOffsetTicks
                0x00001b30       0x44 ./Generated_Code/TU1.o
                0x00001b30                TU1_SetOffsetTicks
 .text.TU1_GetOffsetTicks
                0x00001b74       0x4c ./Generated_Code/TU1.o
                0x00001b74                TU1_GetOffsetTicks
 .text.TU1_Interrupt
                0x00001bc0       0x74 ./Generated_Code/TU1.o
                0x00001bc0                TU1_Interrupt
 .text.TU2_Init
                0x00001c34       0xe4 ./Generated_Code/TU2.o
                0x00001c34                TU2_Init
 .text.TU2_SetEventMask
                0x00001d18       0xe8 ./Generated_Code/TU2.o
                0x00001d18                TU2_SetEventMask
 .text.TU2_GetEventMask
                0x00001e00       0x18 ./Generated_Code/TU2.o
                0x00001e00                TU2_GetEventMask
 .text.TU2_SetOffsetTicks
                0x00001e18       0x44 ./Generated_Code/TU2.o
                0x00001e18                TU2_SetOffsetTicks
 .text.TU2_GetOffsetTicks
                0x00001e5c       0x4c ./Generated_Code/TU2.o
                0x00001e5c                TU2_GetOffsetTicks
 .text.TU2_Interrupt
                0x00001ea8       0x74 ./Generated_Code/TU2.o
                0x00001ea8                TU2_Interrupt
 .text.TU3_Init
                0x00001f1c       0xfc ./Generated_Code/TU3.o
                0x00001f1c                TU3_Init
 .text.TU3_GetPeriodTicks
                0x00002018       0x3c ./Generated_Code/TU3.o
                0x00002018                TU3_GetPeriodTicks
 .text.TU3_SetOffsetTicks
                0x00002054       0x44 ./Generated_Code/TU3.o
                0x00002054                TU3_SetOffsetTicks
 .text.TU3_Interrupt
                0x00002098       0x5c ./Generated_Code/TU3.o
                0x00002098                TU3_Interrupt
 .text.TimerIntLdd1_Init
                0x000020f4       0x7c ./Generated_Code/TimerIntLdd1.o
                0x000020f4                TimerIntLdd1_Init
 .text.TU1_OnChannel0
                0x00002170       0x68 ./Generated_Code/TimerIntLdd1.o
                0x00002170                TU1_OnChannel0
 .text.TimerIntLdd2_Init
                0x000021d8       0x7c ./Generated_Code/TimerIntLdd2.o
                0x000021d8                TimerIntLdd2_Init
 .text.TU2_OnChannel0
                0x00002254       0x68 ./Generated_Code/TimerIntLdd2.o
                0x00002254                TU2_OnChannel0
 .text.clk_cam_Init
                0x000022bc       0x60 ./Generated_Code/clk_cam.o
                0x000022bc                clk_cam_Init
 .text.clk_cam_ClrVal
                0x0000231c       0x18 ./Generated_Code/clk_cam.o
                0x0000231c                clk_cam_ClrVal
 .text.clk_cam_SetVal
                0x00002334       0x18 ./Generated_Code/clk_cam.o
                0x00002334                clk_cam_SetVal
 .text.si_cam_Init
                0x0000234c       0x60 ./Generated_Code/si_cam.o
                0x0000234c                si_cam_Init
 .text.si_cam_ClrVal
                0x000023ac       0x18 ./Generated_Code/si_cam.o
                0x000023ac                si_cam_ClrVal
 .text.si_cam_SetVal
                0x000023c4       0x18 ./Generated_Code/si_cam.o
                0x000023c4                si_cam_SetVal
 .text.exit     0x000023dc       0x2c c:/freescale/kds_v3/toolchain/bin/../lib/gcc/arm-none-eabi/4.8.4/../../../../arm-none-eabi/lib/armv6-m\libg_s.a(lib_a-exit.o)
                0x000023dc                exit
 .text.__libc_init_array
                0x00002408       0x4c c:/freescale/kds_v3/toolchain/bin/../lib/gcc/arm-none-eabi/4.8.4/../../../../arm-none-eabi/lib/armv6-m\libg_s.a(lib_a-init.o)
                0x00002408                __libc_init_array
 .text.memset   0x00002454       0x10 c:/freescale/kds_v3/toolchain/bin/../lib/gcc/arm-none-eabi/4.8.4/../../../../arm-none-eabi/lib/armv6-m\libg_s.a(lib_a-memset.o)
                0x00002454                memset
 .text._exit    0x00002464        0x4 c:/freescale/kds_v3/toolchain/bin/../lib/gcc/arm-none-eabi/4.8.4/../../../../arm-none-eabi/lib/armv6-m\libnosys.a(_exit.o)
                0x00002464                _exit
 *(.rodata)
 .rodata        0x00002468       0x40 c:/freescale/kds_v3/toolchain/bin/../lib/gcc/arm-none-eabi/4.8.4/armv6-m\libgcc.a(mulsf3.o)
 *(.rodata*)
 .rodata.str1.1
                0x000024a8        0x2 c:/freescale/kds_v3/toolchain/bin/../lib/gcc/arm-none-eabi/4.8.4/../../../../arm-none-eabi/lib/armv6-m\libg_s.a(lib_a-impure.o)
 *fill*         0x000024aa        0x2 
 .rodata._global_impure_ptr
                0x000024ac        0x4 c:/freescale/kds_v3/toolchain/bin/../lib/gcc/arm-none-eabi/4.8.4/../../../../arm-none-eabi/lib/armv6-m\libg_s.a(lib_a-impure.o)
                0x000024ac                _global_impure_ptr
 *(.glue_7)
 .glue_7        0x00000000        0x0 linker stubs
 *(.glue_7t)
 .glue_7t       0x00000000        0x0 linker stubs
 *(.eh_frame)
 .eh_frame      0x000024b0        0x0 c:/freescale/kds_v3/toolchain/bin/../lib/gcc/arm-none-eabi/4.8.4/armv6-m/crtbegin.o
 *(.init)
 .init          0x000024b0        0x4 c:/freescale/kds_v3/toolchain/bin/../lib/gcc/arm-none-eabi/4.8.4/armv6-m/crti.o
                0x000024b0                _init
 .init          0x000024b4        0x8 c:/freescale/kds_v3/toolchain/bin/../lib/gcc/arm-none-eabi/4.8.4/armv6-m/crtn.o
 *(.fini)
 .fini          0x000024bc        0x4 c:/freescale/kds_v3/toolchain/bin/../lib/gcc/arm-none-eabi/4.8.4/armv6-m/crti.o
                0x000024bc                _fini
 .fini          0x000024c0        0x8 c:/freescale/kds_v3/toolchain/bin/../lib/gcc/arm-none-eabi/4.8.4/armv6-m/crtn.o
                0x000024c8                . = ALIGN (0x4)
                0x000024c8                _etext = .

.vfp11_veneer   0x000024c8        0x0
 .vfp11_veneer  0x00000000        0x0 linker stubs

.v4_bx          0x000024c8        0x0
 .v4_bx         0x00000000        0x0 linker stubs

.iplt           0x000024c8        0x0
 .iplt          0x00000000        0x0 c:/freescale/kds_v3/toolchain/bin/../lib/gcc/arm-none-eabi/4.8.4/armv6-m/crtbegin.o

.ARM.extab
 *(.ARM.extab* .gnu.linkonce.armextab.*)

.ARM            0x000024c8        0x8
                0x000024c8                __exidx_start = .
 *(.ARM.exidx*)
 .ARM.exidx     0x000024c8        0x8 c:/freescale/kds_v3/toolchain/bin/../lib/gcc/arm-none-eabi/4.8.4/../../../../arm-none-eabi/lib/armv6-m/crt0.o
                0x000024d0                __exidx_end = .

.rel.dyn        0x000024d0        0x0
 .rel.iplt      0x00000000        0x0 c:/freescale/kds_v3/toolchain/bin/../lib/gcc/arm-none-eabi/4.8.4/armv6-m/crtbegin.o

.ctors          0x000024d0        0x0
                0x000024d0                __CTOR_LIST__ = .
 *crtbegin.o(.ctors)
 *(EXCLUDE_FILE(*crtend.o) .ctors)
 *(SORT(.ctors.*))
 *(.ctors)
                0x000024d0                __CTOR_END__ = .

.dtors          0x000024d0        0x0
                0x000024d0                __DTOR_LIST__ = .
 *crtbegin.o(.dtors)
 *(EXCLUDE_FILE(*crtend.o) .dtors)
 *(SORT(.dtors.*))
 *(.dtors)
                0x000024d0                __DTOR_END__ = .

.preinit_array  0x000024d0        0x0
                0x000024d0                PROVIDE (__preinit_array_start, .)
 *(.preinit_array*)
                0x000024d0                PROVIDE (__preinit_array_end, .)

.init_array     0x000024d0        0x4
                0x000024d0                PROVIDE (__init_array_start, .)
 *(SORT(.init_array.*))
 *(.init_array*)
 .init_array    0x000024d0        0x4 c:/freescale/kds_v3/toolchain/bin/../lib/gcc/arm-none-eabi/4.8.4/armv6-m/crtbegin.o
                0x000024d4                PROVIDE (__init_array_end, .)

.fini_array     0x000024d4        0x4
                0x000024d4                PROVIDE (__fini_array_start, .)
 *(SORT(.fini_array.*))
 *(.fini_array*)
 .fini_array    0x000024d4        0x4 c:/freescale/kds_v3/toolchain/bin/../lib/gcc/arm-none-eabi/4.8.4/armv6-m/crtbegin.o
                0x000024d8                PROVIDE (__fini_array_end, .)
                0x000024d8                ___ROM_AT = .

.mtb            0x1ffff000        0x0
                0x1ffff000                . = ALIGN (0x8)
                0x1ffff000                _mtb_start = .
 *(.mtb_buf)
                0x1ffff000                . = ALIGN (0x8)
                0x1ffff000                _mtb_end = .

.data           0x1ffff000       0x64 load address 0x000024d8
                0x1ffff000                . = ALIGN (0x4)
                0x1ffff000                _sdata = .
 *(.data)
 *(.data*)
 .data.line_center
                0x1ffff000        0x1 ./Sources/main.o
                0x1ffff000                line_center
 *fill*         0x1ffff001        0x3 
 .data.impure_data
                0x1ffff004       0x60 c:/freescale/kds_v3/toolchain/bin/../lib/gcc/arm-none-eabi/4.8.4/../../../../arm-none-eabi/lib/armv6-m\libg_s.a(lib_a-impure.o)
                0x1ffff064                . = ALIGN (0x4)
                0x1ffff064                _edata = .
                0x00000064                ___data_size = (_edata - _sdata)

.jcr            0x1ffff064        0x0 load address 0x0000253c
 .jcr           0x1ffff064        0x0 c:/freescale/kds_v3/toolchain/bin/../lib/gcc/arm-none-eabi/4.8.4/armv6-m/crtbegin.o

.igot.plt       0x1ffff064        0x0 load address 0x0000253c
 .igot.plt      0x00000000        0x0 c:/freescale/kds_v3/toolchain/bin/../lib/gcc/arm-none-eabi/4.8.4/armv6-m/crtbegin.o
                0x1ffff064                . = ALIGN (0x4)

.bss            0x1ffff064      0x3d8 load address 0x0000253c
                0x1ffff064                __START_BSS = .
                0x1ffff064                PROVIDE (__bss_start__, __START_BSS)
 *(.bss)
 .bss           0x1ffff064       0x1c c:/freescale/kds_v3/toolchain/bin/../lib/gcc/arm-none-eabi/4.8.4/armv6-m/crtbegin.o
 *(.bss*)
 .bss.count     0x1ffff080        0x1 ./Sources/Events.o
                0x1ffff080                count
 .bss.clk_state
                0x1ffff081        0x1 ./Sources/Events.o
                0x1ffff081                clk_state
 .bss.ModeFlg   0x1ffff082        0x1 ./Generated_Code/AD1.o
 *fill*         0x1ffff083        0x1 
 .bss.SampleGroup
                0x1ffff084        0x4 ./Generated_Code/AD1.o
 .bss.OutFlg    0x1ffff088        0x1 ./Generated_Code/AD1.o
 *fill*         0x1ffff089        0x3 
 .bss.DeviceDataPrv__DEFAULT_RTOS_ALLOC
                0x1ffff08c        0x8 ./Generated_Code/AdcLdd1.o
 .bss.INT_ADC0__DEFAULT_RTOS_ISRPARAM
                0x1ffff094        0x4 ./Generated_Code/AdcLdd1.o
 .bss.SR_lock   0x1ffff098        0x1 ./Generated_Code/Cpu.o
                0x1ffff098                SR_lock
 *fill*         0x1ffff099        0x3 
 .bss.PE_LDD_DeviceDataList
                0x1ffff09c       0x24 ./Generated_Code/PE_LDD.o
                0x1ffff09c                PE_LDD_DeviceDataList
 .bss.DeviceDataPrv__DEFAULT_RTOS_ALLOC
                0x1ffff0c0        0xc ./Generated_Code/PwmLdd1.o
 .bss.DeviceDataPrv__DEFAULT_RTOS_ALLOC
                0x1ffff0cc        0xc ./Generated_Code/TU1.o
 .bss.INT_TPM0__DEFAULT_RTOS_ISRPARAM
                0x1ffff0d8        0x4 ./Generated_Code/TU1.o
 .bss.DeviceDataPrv__DEFAULT_RTOS_ALLOC
                0x1ffff0dc        0xc ./Generated_Code/TU2.o
 .bss.INT_TPM1__DEFAULT_RTOS_ISRPARAM
                0x1ffff0e8        0x4 ./Generated_Code/TU2.o
 .bss.DeviceDataPrv__DEFAULT_RTOS_ALLOC
                0x1ffff0ec        0xc ./Generated_Code/TU3.o
 .bss.INT_TPM2__DEFAULT_RTOS_ISRPARAM
                0x1ffff0f8        0x4 ./Generated_Code/TU3.o
 .bss.DeviceDataPrv__DEFAULT_RTOS_ALLOC
                0x1ffff0fc       0x14 ./Generated_Code/TimerIntLdd1.o
 .bss.DeviceDataPrv__DEFAULT_RTOS_ALLOC
                0x1ffff110       0x14 ./Generated_Code/TimerIntLdd2.o
 .bss.DeviceDataPrv__DEFAULT_RTOS_ALLOC
                0x1ffff124        0x4 ./Generated_Code/clk_cam.o
 .bss.DeviceDataPrv__DEFAULT_RTOS_ALLOC
                0x1ffff128        0x4 ./Generated_Code/si_cam.o
 *(COMMON)
 COMMON         0x1ffff12c      0x304 ./Sources/main.o
                0x1ffff12c                adc_val
                0x1ffff22c                measure_adc_flag
                0x1ffff22d                adc_index
                0x1ffff230                cam_binary
                0x1ffff330                adc_val_buf
 COMMON         0x1ffff430        0x8 ./Generated_Code/AD1.o
                0x1ffff430                AD1_OutV
                0x1ffff434                AdcLdd1_DeviceDataPtr
 COMMON         0x1ffff438        0x1 ./Generated_Code/Cpu.o
                0x1ffff438                SR_reg
                0x1ffff43c                . = ALIGN (0x4)
 *fill*         0x1ffff439        0x3 
                0x1ffff43c                __END_BSS = .
                0x1ffff43c                PROVIDE (__bss_end__, __END_BSS)
                0x0000253c                _romp_at = (___ROM_AT + SIZEOF (.data))

.romp           0x1ffff43c       0x18 load address 0x0000253c
                0x0000253c                __S_romp = _romp_at
                0x1ffff43c        0x4 LONG 0x24d8 ___ROM_AT
                0x1ffff440        0x4 LONG 0x1ffff000 _sdata
                0x1ffff444        0x4 LONG 0x64 ___data_size
                0x1ffff448        0x4 LONG 0x0
                0x1ffff44c        0x4 LONG 0x0
                0x1ffff450        0x4 LONG 0x0
                0x00020000                text_end = (ORIGIN (m_text) + 0x1fbf0)
                0x00002554                data_init_end = ((___ROM_AT + SIZEOF (.data)) + SIZEOF (.romp))
                0x00000001                ASSERT ((data_init_end <= text_end), region m_text overflowed with text and data)

._user_heap_stack
                0x1ffff454      0x400 load address 0x00002554
                0x1ffff454                . = ALIGN (0x4)
                0x1ffff454                PROVIDE (end, .)
                0x1ffff454                PROVIDE (_end, .)
                0x1ffff454                PROVIDE (__end__, .)
                0x1ffff454                __heap_addr = .
                0x1ffff454                __HeapBase = .
                0x1ffff454                . = (. + __heap_size)
                0x1ffff454                __HeapLimit = .
                0x1ffff854                . = (. + __stack_size)
 *fill*         0x1ffff454      0x400 
                0x1ffff854                . = ALIGN (0x4)

.ARM.attributes
                0x00000000       0x28
 *(.ARM.attributes)
 .ARM.attributes
                0x00000000       0x1e c:/freescale/kds_v3/toolchain/bin/../lib/gcc/arm-none-eabi/4.8.4/armv6-m/crti.o
 .ARM.attributes
                0x0000001e       0x2c c:/freescale/kds_v3/toolchain/bin/../lib/gcc/arm-none-eabi/4.8.4/armv6-m/crtbegin.o
 .ARM.attributes
                0x0000004a       0x1b c:/freescale/kds_v3/toolchain/bin/../lib/gcc/arm-none-eabi/4.8.4/../../../../arm-none-eabi/lib/armv6-m/crt0.o
 .ARM.attributes
                0x00000065       0x32 ./Sources/Events.o
 .ARM.attributes
                0x00000097       0x32 ./Sources/main.o
 .ARM.attributes
                0x000000c9       0x32 ./Project_Settings/Startup_Code/startup.o
 .ARM.attributes
                0x000000fb       0x32 ./Generated_Code/AD1.o
 .ARM.attributes
                0x0000012d       0x32 ./Generated_Code/AdcLdd1.o
 .ARM.attributes
                0x0000015f       0x32 ./Generated_Code/Cpu.o
 .ARM.attributes
                0x00000191       0x32 ./Generated_Code/PE_LDD.o
 .ARM.attributes
                0x000001c3       0x32 ./Generated_Code/PWM1.o
 .ARM.attributes
                0x000001f5       0x32 ./Generated_Code/PwmLdd1.o
 .ARM.attributes
                0x00000227       0x32 ./Generated_Code/TI1.o
 .ARM.attributes
                0x00000259       0x32 ./Generated_Code/TI2.o
 .ARM.attributes
                0x0000028b       0x32 ./Generated_Code/TU1.o
 .ARM.attributes
                0x000002bd       0x32 ./Generated_Code/TU2.o
 .ARM.attributes
                0x000002ef       0x32 ./Generated_Code/TU3.o
 .ARM.attributes
                0x00000321       0x32 ./Generated_Code/TimerIntLdd1.o
 .ARM.attributes
                0x00000353       0x32 ./Generated_Code/TimerIntLdd2.o
 .ARM.attributes
                0x00000385       0x32 ./Generated_Code/Vectors.o
 .ARM.attributes
                0x000003b7       0x32 ./Generated_Code/clk_cam.o
 .ARM.attributes
                0x000003e9       0x32 ./Generated_Code/si_cam.o
 .ARM.attributes
                0x0000041b       0x1e c:/freescale/kds_v3/toolchain/bin/../lib/gcc/arm-none-eabi/4.8.4/armv6-m\libgcc.a(_arm_cmpsf2.o)
 .ARM.attributes
                0x00000439       0x2c c:/freescale/kds_v3/toolchain/bin/../lib/gcc/arm-none-eabi/4.8.4/armv6-m\libgcc.a(_fixunssfsi.o)
 .ARM.attributes
                0x00000465       0x2c c:/freescale/kds_v3/toolchain/bin/../lib/gcc/arm-none-eabi/4.8.4/armv6-m\libgcc.a(eqsf2.o)
 .ARM.attributes
                0x00000491       0x2c c:/freescale/kds_v3/toolchain/bin/../lib/gcc/arm-none-eabi/4.8.4/armv6-m\libgcc.a(gesf2.o)
 .ARM.attributes
                0x000004bd       0x2c c:/freescale/kds_v3/toolchain/bin/../lib/gcc/arm-none-eabi/4.8.4/armv6-m\libgcc.a(lesf2.o)
 .ARM.attributes
                0x000004e9       0x2c c:/freescale/kds_v3/toolchain/bin/../lib/gcc/arm-none-eabi/4.8.4/armv6-m\libgcc.a(mulsf3.o)
 .ARM.attributes
                0x00000515       0x2c c:/freescale/kds_v3/toolchain/bin/../lib/gcc/arm-none-eabi/4.8.4/armv6-m\libgcc.a(subsf3.o)
 .ARM.attributes
                0x00000541       0x2c c:/freescale/kds_v3/toolchain/bin/../lib/gcc/arm-none-eabi/4.8.4/armv6-m\libgcc.a(fixsfsi.o)
 .ARM.attributes
                0x0000056d       0x2c c:/freescale/kds_v3/toolchain/bin/../lib/gcc/arm-none-eabi/4.8.4/armv6-m\libgcc.a(floatsisf.o)
 .ARM.attributes
                0x00000599       0x1e c:/freescale/kds_v3/toolchain/bin/../lib/gcc/arm-none-eabi/4.8.4/armv6-m\libgcc.a(_clzsi2.o)
 .ARM.attributes
                0x000005b7       0x2c c:/freescale/kds_v3/toolchain/bin/../lib/gcc/arm-none-eabi/4.8.4/../../../../arm-none-eabi/lib/armv6-m\libg_s.a(lib_a-exit.o)
 .ARM.attributes
                0x000005e3       0x2c c:/freescale/kds_v3/toolchain/bin/../lib/gcc/arm-none-eabi/4.8.4/../../../../arm-none-eabi/lib/armv6-m\libg_s.a(lib_a-impure.o)
 .ARM.attributes
                0x0000060f       0x2c c:/freescale/kds_v3/toolchain/bin/../lib/gcc/arm-none-eabi/4.8.4/../../../../arm-none-eabi/lib/armv6-m\libg_s.a(lib_a-init.o)
 .ARM.attributes
                0x0000063b       0x2c c:/freescale/kds_v3/toolchain/bin/../lib/gcc/arm-none-eabi/4.8.4/../../../../arm-none-eabi/lib/armv6-m\libg_s.a(lib_a-memset.o)
 .ARM.attributes
                0x00000667       0x2c c:/freescale/kds_v3/toolchain/bin/../lib/gcc/arm-none-eabi/4.8.4/../../../../arm-none-eabi/lib/armv6-m\libnosys.a(_exit.o)
 .ARM.attributes
                0x00000693       0x1e c:/freescale/kds_v3/toolchain/bin/../lib/gcc/arm-none-eabi/4.8.4/armv6-m/crtn.o
OUTPUT(lab7.elf elf32-littlearm)

.debug_info     0x00000000     0x42ab
 .debug_info    0x00000000      0x1e6 ./Sources/Events.o
 .debug_info    0x000001e6      0x1cb ./Sources/main.o
 .debug_info    0x000003b1      0x20a ./Project_Settings/Startup_Code/startup.o
 .debug_info    0x000005bb      0x23b ./Generated_Code/AD1.o
 .debug_info    0x000007f6      0x8d9 ./Generated_Code/AdcLdd1.o
 .debug_info    0x000010cf      0x842 ./Generated_Code/Cpu.o
 .debug_info    0x00001911      0x251 ./Generated_Code/PE_LDD.o
 .debug_info    0x00001b62       0xb2 ./Generated_Code/PWM1.o
 .debug_info    0x00001c14      0x309 ./Generated_Code/PwmLdd1.o
 .debug_info    0x00001f1d       0xb2 ./Generated_Code/TI1.o
 .debug_info    0x00001fcf       0xb2 ./Generated_Code/TI2.o
 .debug_info    0x00002081      0x73a ./Generated_Code/TU1.o
 .debug_info    0x000027bb      0x739 ./Generated_Code/TU2.o
 .debug_info    0x00002ef4      0x7db ./Generated_Code/TU3.o
 .debug_info    0x000036cf      0x1d4 ./Generated_Code/TimerIntLdd1.o
 .debug_info    0x000038a3      0x1d4 ./Generated_Code/TimerIntLdd2.o
 .debug_info    0x00003a77      0x10e ./Generated_Code/Vectors.o
 .debug_info    0x00003b85      0x3a6 ./Generated_Code/clk_cam.o
 .debug_info    0x00003f2b      0x380 ./Generated_Code/si_cam.o

.debug_abbrev   0x00000000     0x14ce
 .debug_abbrev  0x00000000       0xdc ./Sources/Events.o
 .debug_abbrev  0x000000dc       0xb7 ./Sources/main.o
 .debug_abbrev  0x00000193      0x11e ./Project_Settings/Startup_Code/startup.o
 .debug_abbrev  0x000002b1      0x150 ./Generated_Code/AD1.o
 .debug_abbrev  0x00000401      0x1d2 ./Generated_Code/AdcLdd1.o
 .debug_abbrev  0x000005d3      0x14f ./Generated_Code/Cpu.o
 .debug_abbrev  0x00000722      0x10d ./Generated_Code/PE_LDD.o
 .debug_abbrev  0x0000082f       0x68 ./Generated_Code/PWM1.o
 .debug_abbrev  0x00000897      0x13c ./Generated_Code/PwmLdd1.o
 .debug_abbrev  0x000009d3       0x68 ./Generated_Code/TI1.o
 .debug_abbrev  0x00000a3b       0x68 ./Generated_Code/TI2.o
 .debug_abbrev  0x00000aa3      0x1b4 ./Generated_Code/TU1.o
 .debug_abbrev  0x00000c57      0x1b4 ./Generated_Code/TU2.o
 .debug_abbrev  0x00000e0b      0x1d0 ./Generated_Code/TU3.o
 .debug_abbrev  0x00000fdb       0xdd ./Generated_Code/TimerIntLdd1.o
 .debug_abbrev  0x000010b8       0xdd ./Generated_Code/TimerIntLdd2.o
 .debug_abbrev  0x00001195       0xa4 ./Generated_Code/Vectors.o
 .debug_abbrev  0x00001239      0x15f ./Generated_Code/clk_cam.o
 .debug_abbrev  0x00001398      0x136 ./Generated_Code/si_cam.o

.debug_aranges  0x00000000      0x450
 .debug_aranges
                0x00000000       0x48 ./Sources/Events.o
 .debug_aranges
                0x00000048       0x20 ./Sources/main.o
 .debug_aranges
                0x00000068       0x50 ./Project_Settings/Startup_Code/startup.o
 .debug_aranges
                0x000000b8       0x48 ./Generated_Code/AD1.o
 .debug_aranges
                0x00000100       0x60 ./Generated_Code/AdcLdd1.o
 .debug_aranges
                0x00000160       0x38 ./Generated_Code/Cpu.o
 .debug_aranges
                0x00000198       0x30 ./Generated_Code/PE_LDD.o
 .debug_aranges
                0x000001c8       0x20 ./Generated_Code/PWM1.o
 .debug_aranges
                0x000001e8       0x48 ./Generated_Code/PwmLdd1.o
 .debug_aranges
                0x00000230       0x20 ./Generated_Code/TI1.o
 .debug_aranges
                0x00000250       0x20 ./Generated_Code/TI2.o
 .debug_aranges
                0x00000270       0x50 ./Generated_Code/TU1.o
 .debug_aranges
                0x000002c0       0x50 ./Generated_Code/TU2.o
 .debug_aranges
                0x00000310       0x50 ./Generated_Code/TU3.o
 .debug_aranges
                0x00000360       0x28 ./Generated_Code/TimerIntLdd1.o
 .debug_aranges
                0x00000388       0x28 ./Generated_Code/TimerIntLdd2.o
 .debug_aranges
                0x000003b0       0x18 ./Generated_Code/Vectors.o
 .debug_aranges
                0x000003c8       0x48 ./Generated_Code/clk_cam.o
 .debug_aranges
                0x00000410       0x40 ./Generated_Code/si_cam.o

.debug_ranges   0x00000000      0x330
 .debug_ranges  0x00000000       0x38 ./Sources/Events.o
 .debug_ranges  0x00000038       0x28 ./Sources/main.o
 .debug_ranges  0x00000060       0x40 ./Project_Settings/Startup_Code/startup.o
 .debug_ranges  0x000000a0       0x38 ./Generated_Code/AD1.o
 .debug_ranges  0x000000d8       0x50 ./Generated_Code/AdcLdd1.o
 .debug_ranges  0x00000128       0x28 ./Generated_Code/Cpu.o
 .debug_ranges  0x00000150       0x20 ./Generated_Code/PE_LDD.o
 .debug_ranges  0x00000170       0x10 ./Generated_Code/PWM1.o
 .debug_ranges  0x00000180       0x38 ./Generated_Code/PwmLdd1.o
 .debug_ranges  0x000001b8       0x10 ./Generated_Code/TI1.o
 .debug_ranges  0x000001c8       0x10 ./Generated_Code/TI2.o
 .debug_ranges  0x000001d8       0x40 ./Generated_Code/TU1.o
 .debug_ranges  0x00000218       0x40 ./Generated_Code/TU2.o
 .debug_ranges  0x00000258       0x40 ./Generated_Code/TU3.o
 .debug_ranges  0x00000298       0x18 ./Generated_Code/TimerIntLdd1.o
 .debug_ranges  0x000002b0       0x18 ./Generated_Code/TimerIntLdd2.o
 .debug_ranges  0x000002c8       0x38 ./Generated_Code/clk_cam.o
 .debug_ranges  0x00000300       0x30 ./Generated_Code/si_cam.o

.debug_macro    0x00000000    0x125da
 .debug_macro   0x00000000      0x1a3 ./Sources/Events.o
 .debug_macro   0x000001a3      0x802 ./Sources/Events.o
 .debug_macro   0x000009a5       0x16 ./Sources/Events.o
 .debug_macro   0x000009bb       0x44 ./Sources/Events.o
 .debug_macro   0x000009ff      0x209 ./Sources/Events.o
 .debug_macro   0x00000c08     0x15a7 ./Sources/Events.o
 .debug_macro   0x000021af      0x14e ./Sources/Events.o
 .debug_macro   0x000022fd       0x64 ./Sources/Events.o
 .debug_macro   0x00002361     0x6691 ./Sources/Events.o
 .debug_macro   0x000089f2       0x94 ./Sources/Events.o
 .debug_macro   0x00008a86       0x94 ./Sources/Events.o
 .debug_macro   0x00008b1a      0x1d6 ./Sources/Events.o
 .debug_macro   0x00008cf0       0x7b ./Sources/Events.o
 .debug_macro   0x00008d6b       0x1c ./Sources/Events.o
 .debug_macro   0x00008d87       0x81 ./Sources/Events.o
 .debug_macro   0x00008e08       0x1c ./Sources/Events.o
 .debug_macro   0x00008e24       0x81 ./Sources/Events.o
 .debug_macro   0x00008ea5       0x3f ./Sources/Events.o
 .debug_macro   0x00008ee4       0x25 ./Sources/Events.o
 .debug_macro   0x00008f09      0x132 ./Sources/Events.o
 .debug_macro   0x0000903b       0x46 ./Sources/Events.o
 .debug_macro   0x00009081       0x46 ./Sources/Events.o
 .debug_macro   0x000090c7      0x61c ./Sources/Events.o
 .debug_macro   0x000096e3       0x7b ./Sources/Events.o
 .debug_macro   0x0000975e       0x10 ./Sources/Events.o
 .debug_macro   0x0000976e      0x191 ./Sources/main.o
 .debug_macro   0x000098ff      0x121 ./Project_Settings/Startup_Code/startup.o
 .debug_macro   0x00009a20       0x58 ./Project_Settings/Startup_Code/startup.o
 .debug_macro   0x00009a78       0x35 ./Project_Settings/Startup_Code/startup.o
 .debug_macro   0x00009aad       0xa3 ./Project_Settings/Startup_Code/startup.o
 .debug_macro   0x00009b50      0x166 ./Project_Settings/Startup_Code/startup.o
 .debug_macro   0x00009cb6       0x4a ./Project_Settings/Startup_Code/startup.o
 .debug_macro   0x00009d00       0x52 ./Project_Settings/Startup_Code/startup.o
 .debug_macro   0x00009d52       0x16 ./Project_Settings/Startup_Code/startup.o
 .debug_macro   0x00009d68       0x43 ./Project_Settings/Startup_Code/startup.o
 .debug_macro   0x00009dab      0x180 ./Project_Settings/Startup_Code/startup.o
 .debug_macro   0x00009f2b      0x2a6 ./Project_Settings/Startup_Code/startup.o
 .debug_macro   0x0000a1d1       0x10 ./Project_Settings/Startup_Code/startup.o
 .debug_macro   0x0000a1e1       0x35 ./Project_Settings/Startup_Code/startup.o
 .debug_macro   0x0000a216       0x16 ./Project_Settings/Startup_Code/startup.o
 .debug_macro   0x0000a22c       0x22 ./Project_Settings/Startup_Code/startup.o
 .debug_macro   0x0000a24e       0x10 ./Project_Settings/Startup_Code/startup.o
 .debug_macro   0x0000a25e      0x20f ./Project_Settings/Startup_Code/startup.o
 .debug_macro   0x0000a46d     0x6685 ./Project_Settings/Startup_Code/startup.o
 .debug_macro   0x00010af2      0x1a9 ./Generated_Code/AD1.o
 .debug_macro   0x00010c9b       0x9a ./Generated_Code/AD1.o
 .debug_macro   0x00010d35       0xd3 ./Generated_Code/AdcLdd1.o
 .debug_macro   0x00010e08      0x616 ./Generated_Code/AdcLdd1.o
 .debug_macro   0x0001141e      0x1a1 ./Generated_Code/Cpu.o
 .debug_macro   0x000115bf       0x22 ./Generated_Code/Cpu.o
 .debug_macro   0x000115e1      0x155 ./Generated_Code/PE_LDD.o
 .debug_macro   0x00011736      0x18b ./Generated_Code/PWM1.o
 .debug_macro   0x000118c1       0xd0 ./Generated_Code/PwmLdd1.o
 .debug_macro   0x00011991       0x7b ./Generated_Code/PwmLdd1.o
 .debug_macro   0x00011a0c      0x18b ./Generated_Code/TI1.o
 .debug_macro   0x00011b97      0x18b ./Generated_Code/TI2.o
 .debug_macro   0x00011d22       0xc3 ./Generated_Code/TU1.o
 .debug_macro   0x00011de5       0xc3 ./Generated_Code/TU2.o
 .debug_macro   0x00011ea8       0x7b ./Generated_Code/TU2.o
 .debug_macro   0x00011f23       0xca ./Generated_Code/TU3.o
 .debug_macro   0x00011fed       0xcb ./Generated_Code/TimerIntLdd1.o
 .debug_macro   0x000120b8       0xcb ./Generated_Code/TimerIntLdd2.o
 .debug_macro   0x00012183      0x19f ./Generated_Code/Vectors.o
 .debug_macro   0x00012322       0xa6 ./Generated_Code/clk_cam.o
 .debug_macro   0x000123c8      0x12c ./Generated_Code/clk_cam.o
 .debug_macro   0x000124f4       0xa6 ./Generated_Code/si_cam.o
 .debug_macro   0x0001259a       0x40 ./Generated_Code/si_cam.o

.debug_line     0x00000000     0x3e41
 .debug_line    0x00000000      0x38f ./Sources/Events.o
 .debug_line    0x0000038f      0x354 ./Sources/main.o
 .debug_line    0x000006e3      0x3b4 ./Project_Settings/Startup_Code/startup.o
 .debug_line    0x00000a97      0x3e9 ./Generated_Code/AD1.o
 .debug_line    0x00000e80      0x35c ./Generated_Code/AdcLdd1.o
 .debug_line    0x000011dc      0x486 ./Generated_Code/Cpu.o
 .debug_line    0x00001662      0x336 ./Generated_Code/PE_LDD.o
 .debug_line    0x00001998      0x361 ./Generated_Code/PWM1.o
 .debug_line    0x00001cf9      0x2dd ./Generated_Code/PwmLdd1.o
 .debug_line    0x00001fd6      0x35f ./Generated_Code/TI1.o
 .debug_line    0x00002335      0x35f ./Generated_Code/TI2.o
 .debug_line    0x00002694      0x310 ./Generated_Code/TU1.o
 .debug_line    0x000029a4      0x30c ./Generated_Code/TU2.o
 .debug_line    0x00002cb0      0x314 ./Generated_Code/TU3.o
 .debug_line    0x00002fc4      0x28c ./Generated_Code/TimerIntLdd1.o
 .debug_line    0x00003250      0x28c ./Generated_Code/TimerIntLdd2.o
 .debug_line    0x000034dc      0x415 ./Generated_Code/Vectors.o
 .debug_line    0x000038f1      0x2b2 ./Generated_Code/clk_cam.o
 .debug_line    0x00003ba3      0x29e ./Generated_Code/si_cam.o

.debug_str      0x00000000    0x372d7
 .debug_str     0x00000000    0x33af4 ./Sources/Events.o
                              0x33f01 (size before relaxing)
 .debug_str     0x00033af4       0x59 ./Sources/main.o
                              0x33e52 (size before relaxing)
 .debug_str     0x00033b4d     0x25f0 ./Project_Settings/Startup_Code/startup.o
                              0x27303 (size before relaxing)
 .debug_str     0x0003613d      0x141 ./Generated_Code/AD1.o
                              0x33f22 (size before relaxing)
 .debug_str     0x0003627e      0x4be ./Generated_Code/AdcLdd1.o
                              0x313e0 (size before relaxing)
 .debug_str     0x0003673c      0x19c ./Generated_Code/Cpu.o
                              0x340c9 (size before relaxing)
 .debug_str     0x000368d8      0x17e ./Generated_Code/PE_LDD.o
                              0x33f7d (size before relaxing)
 .debug_str     0x00036a56       0x27 ./Generated_Code/PWM1.o
                              0x33de8 (size before relaxing)
 .debug_str     0x00036a7d      0x11b ./Generated_Code/PwmLdd1.o
                              0x2e067 (size before relaxing)
 .debug_str     0x00036b98       0x31 ./Generated_Code/TI1.o
                              0x33df2 (size before relaxing)
 .debug_str     0x00036bc9       0x31 ./Generated_Code/TI2.o
                              0x33df2 (size before relaxing)
 .debug_str     0x00036bfa      0x1b0 ./Generated_Code/TU1.o
                              0x2e08b (size before relaxing)
 .debug_str     0x00036daa       0xdd ./Generated_Code/TU2.o
                              0x2e089 (size before relaxing)
 .debug_str     0x00036e87      0x1ca ./Generated_Code/TU3.o
                              0x2e1c5 (size before relaxing)
 .debug_str     0x00037051       0xa4 ./Generated_Code/TimerIntLdd1.o
                              0x2de5d (size before relaxing)
 .debug_str     0x000370f5       0x5b ./Generated_Code/TimerIntLdd2.o
                              0x2de5b (size before relaxing)
 .debug_str     0x00037150       0x1c ./Generated_Code/Vectors.o
                              0x33e10 (size before relaxing)
 .debug_str     0x0003716c       0xe3 ./Generated_Code/clk_cam.o
                              0x2cc11 (size before relaxing)
 .debug_str     0x0003724f       0x88 ./Generated_Code/si_cam.o
                              0x2cbcf (size before relaxing)

.comment        0x00000000       0x70
 .comment       0x00000000       0x70 ./Sources/Events.o
                                 0x71 (size before relaxing)
 .comment       0x00000000       0x71 ./Sources/main.o
 .comment       0x00000000       0x71 ./Project_Settings/Startup_Code/startup.o
 .comment       0x00000000       0x71 ./Generated_Code/AD1.o
 .comment       0x00000000       0x71 ./Generated_Code/AdcLdd1.o
 .comment       0x00000000       0x71 ./Generated_Code/Cpu.o
 .comment       0x00000000       0x71 ./Generated_Code/PE_LDD.o
 .comment       0x00000000       0x71 ./Generated_Code/PWM1.o
 .comment       0x00000000       0x71 ./Generated_Code/PwmLdd1.o
 .comment       0x00000000       0x71 ./Generated_Code/TI1.o
 .comment       0x00000000       0x71 ./Generated_Code/TI2.o
 .comment       0x00000000       0x71 ./Generated_Code/TU1.o
 .comment       0x00000000       0x71 ./Generated_Code/TU2.o
 .comment       0x00000000       0x71 ./Generated_Code/TU3.o
 .comment       0x00000000       0x71 ./Generated_Code/TimerIntLdd1.o
 .comment       0x00000000       0x71 ./Generated_Code/TimerIntLdd2.o
 .comment       0x00000000       0x71 ./Generated_Code/Vectors.o
 .comment       0x00000000       0x71 ./Generated_Code/clk_cam.o
 .comment       0x00000000       0x71 ./Generated_Code/si_cam.o

.debug_frame    0x00000000      0xcf4
 .debug_frame   0x00000000       0xc0 ./Sources/Events.o
 .debug_frame   0x000000c0       0x30 ./Sources/main.o
 .debug_frame   0x000000f0       0xd0 ./Project_Settings/Startup_Code/startup.o
 .debug_frame   0x000001c0       0xc8 ./Generated_Code/AD1.o
 .debug_frame   0x00000288      0x130 ./Generated_Code/AdcLdd1.o
 .debug_frame   0x000003b8       0x80 ./Generated_Code/Cpu.o
 .debug_frame   0x00000438       0x6c ./Generated_Code/PE_LDD.o
 .debug_frame   0x000004a4       0x30 ./Generated_Code/PWM1.o
 .debug_frame   0x000004d4       0xd0 ./Generated_Code/PwmLdd1.o
 .debug_frame   0x000005a4       0x30 ./Generated_Code/TI1.o
 .debug_frame   0x000005d4       0x30 ./Generated_Code/TI2.o
 .debug_frame   0x00000604       0xf0 ./Generated_Code/TU1.o
 .debug_frame   0x000006f4       0xf0 ./Generated_Code/TU2.o
 .debug_frame   0x000007e4       0xf0 ./Generated_Code/TU3.o
 .debug_frame   0x000008d4       0x50 ./Generated_Code/TimerIntLdd1.o
 .debug_frame   0x00000924       0x50 ./Generated_Code/TimerIntLdd2.o
 .debug_frame   0x00000974       0xd0 ./Generated_Code/clk_cam.o
 .debug_frame   0x00000a44       0xb0 ./Generated_Code/si_cam.o
 .debug_frame   0x00000af4       0x28 c:/freescale/kds_v3/toolchain/bin/../lib/gcc/arm-none-eabi/4.8.4/armv6-m\libgcc.a(_fixunssfsi.o)
 .debug_frame   0x00000b1c       0x2c c:/freescale/kds_v3/toolchain/bin/../lib/gcc/arm-none-eabi/4.8.4/armv6-m\libgcc.a(eqsf2.o)
 .debug_frame   0x00000b48       0x30 c:/freescale/kds_v3/toolchain/bin/../lib/gcc/arm-none-eabi/4.8.4/armv6-m\libgcc.a(gesf2.o)
 .debug_frame   0x00000b78       0x30 c:/freescale/kds_v3/toolchain/bin/../lib/gcc/arm-none-eabi/4.8.4/armv6-m\libgcc.a(lesf2.o)
 .debug_frame   0x00000ba8       0x3c c:/freescale/kds_v3/toolchain/bin/../lib/gcc/arm-none-eabi/4.8.4/armv6-m\libgcc.a(mulsf3.o)
 .debug_frame   0x00000be4       0x30 c:/freescale/kds_v3/toolchain/bin/../lib/gcc/arm-none-eabi/4.8.4/armv6-m\libgcc.a(subsf3.o)
 .debug_frame   0x00000c14       0x20 c:/freescale/kds_v3/toolchain/bin/../lib/gcc/arm-none-eabi/4.8.4/armv6-m\libgcc.a(fixsfsi.o)
 .debug_frame   0x00000c34       0x2c c:/freescale/kds_v3/toolchain/bin/../lib/gcc/arm-none-eabi/4.8.4/armv6-m\libgcc.a(floatsisf.o)
 .debug_frame   0x00000c60       0x28 c:/freescale/kds_v3/toolchain/bin/../lib/gcc/arm-none-eabi/4.8.4/../../../../arm-none-eabi/lib/armv6-m\libg_s.a(lib_a-exit.o)
 .debug_frame   0x00000c88       0x2c c:/freescale/kds_v3/toolchain/bin/../lib/gcc/arm-none-eabi/4.8.4/../../../../arm-none-eabi/lib/armv6-m\libg_s.a(lib_a-init.o)
 .debug_frame   0x00000cb4       0x20 c:/freescale/kds_v3/toolchain/bin/../lib/gcc/arm-none-eabi/4.8.4/../../../../arm-none-eabi/lib/armv6-m\libg_s.a(lib_a-memset.o)
 .debug_frame   0x00000cd4       0x20 c:/freescale/kds_v3/toolchain/bin/../lib/gcc/arm-none-eabi/4.8.4/../../../../arm-none-eabi/lib/armv6-m\libnosys.a(_exit.o)
