Archive member included because of file (symbol)

c:/freescale/kds_v3/toolchain/bin/../lib/gcc/arm-none-eabi/4.8.4/armv6-m\libgcc.a(_arm_cmpsf2.o)
                              ./Generated_Code/PwmLdd1.o (__aeabi_fcmpgt)
c:/freescale/kds_v3/toolchain/bin/../lib/gcc/arm-none-eabi/4.8.4/armv6-m\libgcc.a(_fixunssfsi.o)
                              ./Sources/Events.o (__aeabi_f2uiz)
c:/freescale/kds_v3/toolchain/bin/../lib/gcc/arm-none-eabi/4.8.4/armv6-m\libgcc.a(eqsf2.o)
                              c:/freescale/kds_v3/toolchain/bin/../lib/gcc/arm-none-eabi/4.8.4/armv6-m\libgcc.a(_arm_cmpsf2.o) (__eqsf2)
c:/freescale/kds_v3/toolchain/bin/../lib/gcc/arm-none-eabi/4.8.4/armv6-m\libgcc.a(gesf2.o)
                              c:/freescale/kds_v3/toolchain/bin/../lib/gcc/arm-none-eabi/4.8.4/armv6-m\libgcc.a(_arm_cmpsf2.o) (__gesf2)
c:/freescale/kds_v3/toolchain/bin/../lib/gcc/arm-none-eabi/4.8.4/armv6-m\libgcc.a(lesf2.o)
                              c:/freescale/kds_v3/toolchain/bin/../lib/gcc/arm-none-eabi/4.8.4/armv6-m\libgcc.a(_arm_cmpsf2.o) (__lesf2)
c:/freescale/kds_v3/toolchain/bin/../lib/gcc/arm-none-eabi/4.8.4/armv6-m\libgcc.a(mulsf3.o)
                              ./Sources/Events.o (__aeabi_fmul)
c:/freescale/kds_v3/toolchain/bin/../lib/gcc/arm-none-eabi/4.8.4/armv6-m\libgcc.a(subsf3.o)
                              c:/freescale/kds_v3/toolchain/bin/../lib/gcc/arm-none-eabi/4.8.4/armv6-m\libgcc.a(_fixunssfsi.o) (__aeabi_fsub)
c:/freescale/kds_v3/toolchain/bin/../lib/gcc/arm-none-eabi/4.8.4/armv6-m\libgcc.a(fixsfsi.o)
                              c:/freescale/kds_v3/toolchain/bin/../lib/gcc/arm-none-eabi/4.8.4/armv6-m\libgcc.a(_fixunssfsi.o) (__aeabi_f2iz)
c:/freescale/kds_v3/toolchain/bin/../lib/gcc/arm-none-eabi/4.8.4/armv6-m\libgcc.a(floatsisf.o)
                              ./Sources/Events.o (__aeabi_i2f)
c:/freescale/kds_v3/toolchain/bin/../lib/gcc/arm-none-eabi/4.8.4/armv6-m\libgcc.a(_clzsi2.o)
                              c:/freescale/kds_v3/toolchain/bin/../lib/gcc/arm-none-eabi/4.8.4/armv6-m\libgcc.a(mulsf3.o) (__clzsi2)
c:/freescale/kds_v3/toolchain/bin/../lib/gcc/arm-none-eabi/4.8.4/../../../../arm-none-eabi/lib/armv6-m\libg_s.a(lib_a-exit.o)
                              c:/freescale/kds_v3/toolchain/bin/../lib/gcc/arm-none-eabi/4.8.4/../../../../arm-none-eabi/lib/armv6-m/crt0.o (exit)
c:/freescale/kds_v3/toolchain/bin/../lib/gcc/arm-none-eabi/4.8.4/../../../../arm-none-eabi/lib/armv6-m\libg_s.a(lib_a-impure.o)
                              c:/freescale/kds_v3/toolchain/bin/../lib/gcc/arm-none-eabi/4.8.4/../../../../arm-none-eabi/lib/armv6-m\libg_s.a(lib_a-exit.o) (_global_impure_ptr)
c:/freescale/kds_v3/toolchain/bin/../lib/gcc/arm-none-eabi/4.8.4/../../../../arm-none-eabi/lib/armv6-m\libg_s.a(lib_a-init.o)
                              c:/freescale/kds_v3/toolchain/bin/../lib/gcc/arm-none-eabi/4.8.4/../../../../arm-none-eabi/lib/armv6-m/crt0.o (__libc_init_array)
c:/freescale/kds_v3/toolchain/bin/../lib/gcc/arm-none-eabi/4.8.4/../../../../arm-none-eabi/lib/armv6-m\libg_s.a(lib_a-memset.o)
                              c:/freescale/kds_v3/toolchain/bin/../lib/gcc/arm-none-eabi/4.8.4/../../../../arm-none-eabi/lib/armv6-m/crt0.o (memset)
c:/freescale/kds_v3/toolchain/bin/../lib/gcc/arm-none-eabi/4.8.4/../../../../arm-none-eabi/lib/armv6-m\libnosys.a(_exit.o)
                              c:/freescale/kds_v3/toolchain/bin/../lib/gcc/arm-none-eabi/4.8.4/../../../../arm-none-eabi/lib/armv6-m\libg_s.a(lib_a-exit.o) (_exit)

Allocating common symbols
Common symbol       size              file

adc_val             0x100             ./Sources/main.o
ASerialLdd1_DeviceDataPtr
                    0x4               ./Generated_Code/AS1.o
AD1_OutV            0x2               ./Generated_Code/AD1.o
msg                 0x81              ./Sources/main.o
AdcLdd1_DeviceDataPtr
                    0x4               ./Generated_Code/AD1.o
measure_adc_flag    0x1               ./Sources/main.o
adc_index           0x1               ./Sources/main.o
SR_reg              0x1               ./Generated_Code/Cpu.o
cam_binary          0x100             ./Sources/main.o
adc_val_buf         0x100             ./Sources/main.o

Discarded input sections

 .text          0x00000000        0x0 c:/freescale/kds_v3/toolchain/bin/../lib/gcc/arm-none-eabi/4.8.4/armv6-m/crti.o
 .data          0x00000000        0x0 c:/freescale/kds_v3/toolchain/bin/../lib/gcc/arm-none-eabi/4.8.4/armv6-m/crti.o
 .bss           0x00000000        0x0 c:/freescale/kds_v3/toolchain/bin/../lib/gcc/arm-none-eabi/4.8.4/armv6-m/crti.o
 .data          0x00000000        0x4 c:/freescale/kds_v3/toolchain/bin/../lib/gcc/arm-none-eabi/4.8.4/armv6-m/crtbegin.o
 .data          0x00000000        0x0 c:/freescale/kds_v3/toolchain/bin/../lib/gcc/arm-none-eabi/4.8.4/../../../../arm-none-eabi/lib/armv6-m/crt0.o
 .bss           0x00000000        0x0 c:/freescale/kds_v3/toolchain/bin/../lib/gcc/arm-none-eabi/4.8.4/../../../../arm-none-eabi/lib/armv6-m/crt0.o
[...]
Memory Configuration

Name             Origin             Length             Attributes
m_interrupts     0x00000000         0x000000c0         xr
m_text           0x00000410         0x0001fbf0         xr
m_data           0x1ffff000         0x00004000         rw
m_cfmprotrom     0x00000400         0x00000010         xr
*default*        0x00000000         0xffffffff

Linker script and memory map

LOAD c:/freescale/kds_v3/toolchain/bin/../lib/gcc/arm-none-eabi/4.8.4/armv6-m/crti.o
LOAD c:/freescale/kds_v3/toolchain/bin/../lib/gcc/arm-none-eabi/4.8.4/armv6-m/crtbegin.o
LOAD c:/freescale/kds_v3/toolchain/bin/../lib/gcc/arm-none-eabi/4.8.4/../../../../arm-none-eabi/lib/armv6-m/crt0.o
LOAD ./Sources/Events.o
LOAD ./Sources/main.o
LOAD ./Project_Settings/Startup_Code/startup.o
LOAD ./Generated_Code/AD1.o
LOAD ./Generated_Code/AS1.o
LOAD ./Generated_Code/ASerialLdd1.o
LOAD ./Generated_Code/AdcLdd1.o
LOAD ./Generated_Code/Cpu.o
LOAD ./Generated_Code/PE_LDD.o
LOAD ./Generated_Code/PWM1.o
LOAD ./Generated_Code/PwmLdd1.o
LOAD ./Generated_Code/TI1.o
LOAD ./Generated_Code/TI2.o
LOAD ./Generated_Code/TU1.o
LOAD ./Generated_Code/TU2.o
LOAD ./Generated_Code/TU3.o
LOAD ./Generated_Code/TimerIntLdd1.o
LOAD ./Generated_Code/TimerIntLdd2.o
LOAD ./Generated_Code/Vectors.o
LOAD ./Generated_Code/clk_cam.o
LOAD ./Generated_Code/si_cam.o
LOAD c:/freescale/kds_v3/toolchain/bin/../lib/gcc/arm-none-eabi/4.8.4/../../../../arm-none-eabi/lib/armv6-m\libstdc++_s.a
LOAD c:/freescale/kds_v3/toolchain/bin/../lib/gcc/arm-none-eabi/4.8.4/../../../../arm-none-eabi/lib/armv6-m\libm.a
START GROUP
LOAD c:/freescale/kds_v3/toolchain/bin/../lib/gcc/arm-none-eabi/4.8.4/armv6-m\libgcc.a
LOAD c:/freescale/kds_v3/toolchain/bin/../lib/gcc/arm-none-eabi/4.8.4/../../../../arm-none-eabi/lib/armv6-m\libg_s.a
LOAD c:/freescale/kds_v3/toolchain/bin/../lib/gcc/arm-none-eabi/4.8.4/../../../../arm-none-eabi/lib/armv6-m\libc_s.a
END GROUP
START GROUP
LOAD c:/freescale/kds_v3/toolchain/bin/../lib/gcc/arm-none-eabi/4.8.4/armv6-m\libgcc.a
LOAD c:/freescale/kds_v3/toolchain/bin/../lib/gcc/arm-none-eabi/4.8.4/../../../../arm-none-eabi/lib/armv6-m\libc_s.a
LOAD c:/freescale/kds_v3/toolchain/bin/../lib/gcc/arm-none-eabi/4.8.4/../../../../arm-none-eabi/lib/armv6-m\libnosys.a
END GROUP
START GROUP
LOAD c:/freescale/kds_v3/toolchain/bin/../lib/gcc/arm-none-eabi/4.8.4/armv6-m\libgcc.a
LOAD c:/freescale/kds_v3/toolchain/bin/../lib/gcc/arm-none-eabi/4.8.4/../../../../arm-none-eabi/lib/armv6-m\libc_s.a
LOAD c:/freescale/kds_v3/toolchain/bin/../lib/gcc/arm-none-eabi/4.8.4/../../../../arm-none-eabi/lib/armv6-m\libnosys.a
END GROUP
LOAD c:/freescale/kds_v3/toolchain/bin/../lib/gcc/arm-none-eabi/4.8.4/armv6-m/crtend.o
LOAD c:/freescale/kds_v3/toolchain/bin/../lib/gcc/arm-none-eabi/4.8.4/armv6-m/crtn.o
                0x20003000                _estack = 0x20003000
                0x20003000                __SP_INIT = _estack
                0x20003000                __stack = _estack
                0x00000000                __heap_size = 0x0
                0x00000400                __stack_size = 0x400

.interrupts     0x00000000       0xc0
                0x00000000                __vector_table = .
                0x00000000                . = ALIGN (0x4)
 *(.vectortable)
 .vectortable   0x00000000       0xc0 ./Generated_Code/Vectors.o
                0x00000000                __vect_table
                0x000000c0                . = ALIGN (0x4)

.cfmprotect     0x00000400       0x10
                0x00000400                . = ALIGN (0x4)
 *(.cfmconfig)
 .cfmconfig     0x00000400       0x10 ./Generated_Code/Cpu.o
                0x00000400                _cfm
                0x00000410                . = ALIGN (0x4)

.text           0x00000410     0x2968
                0x00000410                . = ALIGN (0x4)
 *(.text)
 .text          0x00000410       0x60 c:/freescale/kds_v3/toolchain/bin/../lib/gcc/arm-none-eabi/4.8.4/armv6-m/crtbegin.o
 .text          0x00000470       0x78 c:/freescale/kds_v3/toolchain/bin/../lib/gcc/arm-none-eabi/4.8.4/../../../../arm-none-eabi/lib/armv6-m/crt0.o
                0x00000470                _start
                0x00000470                _mainCRTStartup
 .text          0x000004e8       0x74 c:/freescale/kds_v3/toolchain/bin/../lib/gcc/arm-none-eabi/4.8.4/armv6-m\libgcc.a(_arm_cmpsf2.o)
                0x000004e8                __aeabi_cfrcmple
                0x000004f0                __aeabi_cfcmpeq
                0x000004f0                __aeabi_cfcmple
                0x00000500                __aeabi_fcmpeq
                0x0000050c                __aeabi_fcmplt
                0x00000520                __aeabi_fcmple
                0x00000534                __aeabi_fcmpgt
                0x00000548                __aeabi_fcmpge
 .text          0x0000055c       0x30 c:/freescale/kds_v3/toolchain/bin/../lib/gcc/arm-none-eabi/4.8.4/armv6-m\libgcc.a(_fixunssfsi.o)
                0x0000055c                __fixunssfsi
                0x0000055c                __aeabi_f2uiz
 .text          0x0000058c       0x54 c:/freescale/kds_v3/toolchain/bin/../lib/gcc/arm-none-eabi/4.8.4/armv6-m\libgcc.a(eqsf2.o)
                0x0000058c                __eqsf2
                0x0000058c                __nesf2
 .text          0x000005e0       0x90 c:/freescale/kds_v3/toolchain/bin/../lib/gcc/arm-none-eabi/4.8.4/armv6-m\libgcc.a(gesf2.o)
                0x000005e0                __gesf2
                0x000005e0                __gtsf2
 .text          0x00000670       0x98 c:/freescale/kds_v3/toolchain/bin/../lib/gcc/arm-none-eabi/4.8.4/armv6-m\libgcc.a(lesf2.o)
                0x00000670                __ltsf2
                0x00000670                __lesf2
 .text          0x00000708      0x254 c:/freescale/kds_v3/toolchain/bin/../lib/gcc/arm-none-eabi/4.8.4/armv6-m\libgcc.a(mulsf3.o)
                0x00000708                __aeabi_fmul
 .text          0x0000095c      0x2ec c:/freescale/kds_v3/toolchain/bin/../lib/gcc/arm-none-eabi/4.8.4/armv6-m\libgcc.a(subsf3.o)
                0x0000095c                __aeabi_fsub
 .text          0x00000c48       0x40 c:/freescale/kds_v3/toolchain/bin/../lib/gcc/arm-none-eabi/4.8.4/armv6-m\libgcc.a(fixsfsi.o)
                0x00000c48                __aeabi_f2iz
 .text          0x00000c88       0xb8 c:/freescale/kds_v3/toolchain/bin/../lib/gcc/arm-none-eabi/4.8.4/armv6-m\libgcc.a(floatsisf.o)
                0x00000c88                __aeabi_i2f
 .text          0x00000d40       0x3c c:/freescale/kds_v3/toolchain/bin/../lib/gcc/arm-none-eabi/4.8.4/armv6-m\libgcc.a(_clzsi2.o)
                0x00000d40                __clzsi2
 *(.text*)
 .text.Cpu_OnNMIINT
                0x00000d7c        0x8 ./Sources/Events.o
                0x00000d7c                Cpu_OnNMIINT
 .text.TI1_OnInterrupt
                0x00000d84       0x9c ./Sources/Events.o
                0x00000d84                TI1_OnInterrupt
 .text.TI2_OnInterrupt
                0x00000e20       0x9c ./Sources/Events.o
                0x00000e20                TI2_OnInterrupt
 .text.PWM1_OnEnd
                0x00000ebc        0x8 ./Sources/Events.o
                0x00000ebc                PWM1_OnEnd
 .text.AS1_OnError
                0x00000ec4        0x8 ./Sources/Events.o
                0x00000ec4                AS1_OnError
 .text.AS1_OnRxChar
                0x00000ecc        0x8 ./Sources/Events.o
                0x00000ecc                AS1_OnRxChar
 .text.AS1_OnTxChar
                0x00000ed4        0x8 ./Sources/Events.o
                0x00000ed4                AS1_OnTxChar
 .text.AS1_OnFullRxBuf
                0x00000edc        0x8 ./Sources/Events.o
                0x00000edc                AS1_OnFullRxBuf
 .text.AS1_OnFreeTxBuf
                0x00000ee4        0x8 ./Sources/Events.o
                0x00000ee4                AS1_OnFreeTxBuf
 .text.main     0x00000eec      0x168 ./Sources/main.o
                0x00000eec                main
 .text.__copy_rom_section
                0x00001054       0xd8 ./Project_Settings/Startup_Code/startup.o
                0x00001054                __copy_rom_section
 .text.__copy_rom_sections_to_ram
                0x0000112c       0x98 ./Project_Settings/Startup_Code/startup.o
                0x0000112c                __copy_rom_sections_to_ram
 .text.__init_registers
                0x000011c4        0x8 ./Project_Settings/Startup_Code/startup.o
                0x000011c4                __init_registers
 .text.__init_user
                0x000011cc        0x8 ./Project_Settings/Startup_Code/startup.o
                0x000011cc                __init_user
 .text.__thumb_startup
                0x000011d4       0x30 ./Project_Settings/Startup_Code/startup.o
                0x000011d4                __thumb_startup
 .text.SaveValue
                0x00001204       0x34 ./Generated_Code/AD1.o
 .text.AD1_MainMeasure
                0x00001238       0x78 ./Generated_Code/AD1.o
 .text.AD1_Measure
                0x000012b0       0x40 ./Generated_Code/AD1.o
                0x000012b0                AD1_Measure
 .text.AD1_GetValue16
                0x000012f0       0x4c ./Generated_Code/AD1.o
                0x000012f0                AD1_GetValue16
 .text.AD1_Init
                0x0000133c       0x2c ./Generated_Code/AD1.o
                0x0000133c                AD1_Init
 .text.HWEnDi   0x00001368       0x20 ./Generated_Code/AS1.o
 .text.AS1_SendChar
                0x00001388       0xe8 ./Generated_Code/AS1.o
                0x00001388                AS1_SendChar
 .text.AS1_Init
                0x00001470       0x64 ./Generated_Code/AS1.o
                0x00001470                AS1_Init
 .text.ASerialLdd1_OnBlockReceived
                0x000014d4       0xc0 ./Generated_Code/AS1.o
                0x000014d4                ASerialLdd1_OnBlockReceived
 .text.ASerialLdd1_OnBlockSent
                0x00001594       0xe8 ./Generated_Code/AS1.o
                0x00001594                ASerialLdd1_OnBlockSent
 .text.ASerialLdd1_OnError
                0x0000167c       0x94 ./Generated_Code/AS1.o
                0x0000167c                ASerialLdd1_OnError
 .text.ASerialLdd1_OnBreak
                0x00001710       0x20 ./Generated_Code/AS1.o
                0x00001710                ASerialLdd1_OnBreak
 .text.ASerialLdd1_Init
                0x00001730      0x1bc ./Generated_Code/ASerialLdd1.o
                0x00001730                ASerialLdd1_Init
 .text.ASerialLdd1_ReceiveBlock
                0x000018ec       0x98 ./Generated_Code/ASerialLdd1.o
                0x000018ec                ASerialLdd1_ReceiveBlock
 .text.ASerialLdd1_SendBlock
                0x00001984       0xc4 ./Generated_Code/ASerialLdd1.o
                0x00001984                ASerialLdd1_SendBlock
 .text.InterruptRx
                0x00001a48       0x58 ./Generated_Code/ASerialLdd1.o
 .text.InterruptTx
                0x00001aa0       0x80 ./Generated_Code/ASerialLdd1.o
 .text.ASerialLdd1_Interrupt
                0x00001b20       0xec ./Generated_Code/ASerialLdd1.o
                0x00001b20                ASerialLdd1_Interrupt
 .text.ASerialLdd1_GetError
                0x00001c0c       0x74 ./Generated_Code/ASerialLdd1.o
                0x00001c0c                ASerialLdd1_GetError
 .text.AdcLdd1_Init
                0x00001c80       0x80 ./Generated_Code/AdcLdd1.o
                0x00001c80                AdcLdd1_Init
 .text.AdcLdd1_StartSingleMeasurement
                0x00001d00       0x44 ./Generated_Code/AdcLdd1.o
                0x00001d00                AdcLdd1_StartSingleMeasurement
 .text.AdcLdd1_CreateSampleGroup
                0x00001d44       0x5c ./Generated_Code/AdcLdd1.o
                0x00001d44                AdcLdd1_CreateSampleGroup
 .text.AdcLdd1_GetMeasuredValues
                0x00001da0       0x60 ./Generated_Code/AdcLdd1.o
                0x00001da0                AdcLdd1_GetMeasuredValues
 .text.AdcLdd1_GetMeasurementCompleteStatus
                0x00001e00       0x30 ./Generated_Code/AdcLdd1.o
                0x00001e00                AdcLdd1_GetMeasurementCompleteStatus
 .text.Cpu_INT_NMIInterrupt
                0x00001e30        0xc ./Generated_Code/Cpu.o
                0x00001e30                Cpu_INT_NMIInterrupt
 .text.Cpu_Interrupt
                0x00001e3c        0xc ./Generated_Code/Cpu.o
                0x00001e3c                Cpu_Interrupt
 .text.__init_hardware
                0x00001e48      0x110 ./Generated_Code/Cpu.o
                0x00001e48                __init_hardware
 .text.PE_low_level_init
                0x00001f58       0xf0 ./Generated_Code/Cpu.o
                0x00001f58                PE_low_level_init
 .text.PwmLdd1_OnEnd
                0x00002048       0x14 ./Generated_Code/PWM1.o
                0x00002048                PwmLdd1_OnEnd
 .text.PwmLdd1_Init
                0x0000205c       0x58 ./Generated_Code/PwmLdd1.o
                0x0000205c                PwmLdd1_Init
 .text.PwmLdd1_SetDutyUS
                0x000020b4       0x7c ./Generated_Code/PwmLdd1.o
                0x000020b4                PwmLdd1_SetDutyUS
 .text.TU3_OnCounterRestart
                0x00002130       0x24 ./Generated_Code/PwmLdd1.o
                0x00002130                TU3_OnCounterRestart
 .text.SetRatio
                0x00002154       0x68 ./Generated_Code/PwmLdd1.o
 .text.TimerIntLdd1_OnInterrupt
                0x000021bc       0x14 ./Generated_Code/TI1.o
                0x000021bc                TimerIntLdd1_OnInterrupt
 .text.TimerIntLdd2_OnInterrupt
                0x000021d0       0x14 ./Generated_Code/TI2.o
                0x000021d0                TimerIntLdd2_OnInterrupt
 .text.TU1_Init
                0x000021e4       0xfc ./Generated_Code/TU1.o
                0x000021e4                TU1_Init
 .text.TU1_SetEventMask
                0x000022e0       0xe8 ./Generated_Code/TU1.o
                0x000022e0                TU1_SetEventMask
 .text.TU1_GetEventMask
                0x000023c8       0x18 ./Generated_Code/TU1.o
                0x000023c8                TU1_GetEventMask
 .text.TU1_SetOffsetTicks
                0x000023e0       0x44 ./Generated_Code/TU1.o
                0x000023e0                TU1_SetOffsetTicks
 .text.TU1_GetOffsetTicks
                0x00002424       0x4c ./Generated_Code/TU1.o
                0x00002424                TU1_GetOffsetTicks
 .text.TU1_Interrupt
                0x00002470       0x74 ./Generated_Code/TU1.o
                0x00002470                TU1_Interrupt
 .text.TU2_Init
                0x000024e4       0xe4 ./Generated_Code/TU2.o
                0x000024e4                TU2_Init
 .text.TU2_SetEventMask
                0x000025c8       0xe8 ./Generated_Code/TU2.o
                0x000025c8                TU2_SetEventMask
 .text.TU2_GetEventMask
                0x000026b0       0x18 ./Generated_Code/TU2.o
                0x000026b0                TU2_GetEventMask
 .text.TU2_SetOffsetTicks
                0x000026c8       0x44 ./Generated_Code/TU2.o
                0x000026c8                TU2_SetOffsetTicks
 .text.TU2_GetOffsetTicks
                0x0000270c       0x4c ./Generated_Code/TU2.o
                0x0000270c                TU2_GetOffsetTicks
 .text.TU2_Interrupt
                0x00002758       0x74 ./Generated_Code/TU2.o
                0x00002758                TU2_Interrupt
 .text.TU3_Init
                0x000027cc       0xfc ./Generated_Code/TU3.o
                0x000027cc                TU3_Init
 .text.TU3_GetPeriodTicks
                0x000028c8       0x3c ./Generated_Code/TU3.o
                0x000028c8                TU3_GetPeriodTicks
 .text.TU3_SetOffsetTicks
                0x00002904       0x44 ./Generated_Code/TU3.o
                0x00002904                TU3_SetOffsetTicks
 .text.TU3_Interrupt
                0x00002948       0x5c ./Generated_Code/TU3.o
                0x00002948                TU3_Interrupt
 .text.TimerIntLdd1_Init
                0x000029a4       0x7c ./Generated_Code/TimerIntLdd1.o
                0x000029a4                TimerIntLdd1_Init
 .text.TU1_OnChannel0
                0x00002a20       0x68 ./Generated_Code/TimerIntLdd1.o
                0x00002a20                TU1_OnChannel0
 .text.TimerIntLdd2_Init
                0x00002a88       0x7c ./Generated_Code/TimerIntLdd2.o
                0x00002a88                TimerIntLdd2_Init
 .text.TU2_OnChannel0
                0x00002b04       0x68 ./Generated_Code/TimerIntLdd2.o
                0x00002b04                TU2_OnChannel0
 .text.clk_cam_Init
                0x00002b6c       0x60 ./Generated_Code/clk_cam.o
                0x00002b6c                clk_cam_Init
 .text.clk_cam_ClrVal
                0x00002bcc       0x18 ./Generated_Code/clk_cam.o
                0x00002bcc                clk_cam_ClrVal
 .text.clk_cam_SetVal
                0x00002be4       0x18 ./Generated_Code/clk_cam.o
                0x00002be4                clk_cam_SetVal
 .text.si_cam_Init
                0x00002bfc       0x60 ./Generated_Code/si_cam.o
                0x00002bfc                si_cam_Init
 .text.si_cam_ClrVal
                0x00002c5c       0x18 ./Generated_Code/si_cam.o
                0x00002c5c                si_cam_ClrVal
 .text.si_cam_SetVal
                0x00002c74       0x18 ./Generated_Code/si_cam.o
                0x00002c74                si_cam_SetVal
 .text.exit     0x00002c8c       0x2c c:/freescale/kds_v3/toolchain/bin/../lib/gcc/arm-none-eabi/4.8.4/../../../../arm-none-eabi/lib/armv6-m\libg_s.a(lib_a-exit.o)
                0x00002c8c                exit
 .text.__libc_init_array
                0x00002cb8       0x4c c:/freescale/kds_v3/toolchain/bin/../lib/gcc/arm-none-eabi/4.8.4/../../../../arm-none-eabi/lib/armv6-m\libg_s.a(lib_a-init.o)
                0x00002cb8                __libc_init_array
 .text.memset   0x00002d04       0x10 c:/freescale/kds_v3/toolchain/bin/../lib/gcc/arm-none-eabi/4.8.4/../../../../arm-none-eabi/lib/armv6-m\libg_s.a(lib_a-memset.o)
                0x00002d04                memset
 .text._exit    0x00002d14        0x4 c:/freescale/kds_v3/toolchain/bin/../lib/gcc/arm-none-eabi/4.8.4/../../../../arm-none-eabi/lib/armv6-m\libnosys.a(_exit.o)
                0x00002d14                _exit
 *(.rodata)
 .rodata        0x00002d18       0x40 c:/freescale/kds_v3/toolchain/bin/../lib/gcc/arm-none-eabi/4.8.4/armv6-m\libgcc.a(mulsf3.o)
 *(.rodata*)
 .rodata.str1.1
                0x00002d58        0x2 c:/freescale/kds_v3/toolchain/bin/../lib/gcc/arm-none-eabi/4.8.4/../../../../arm-none-eabi/lib/armv6-m\libg_s.a(lib_a-impure.o)
 *fill*         0x00002d5a        0x2 
 .rodata._global_impure_ptr
                0x00002d5c        0x4 c:/freescale/kds_v3/toolchain/bin/../lib/gcc/arm-none-eabi/4.8.4/../../../../arm-none-eabi/lib/armv6-m\libg_s.a(lib_a-impure.o)
                0x00002d5c                _global_impure_ptr
 *(.glue_7)
 .glue_7        0x00000000        0x0 linker stubs
 *(.glue_7t)
 .glue_7t       0x00000000        0x0 linker stubs
 *(.eh_frame)
 .eh_frame      0x00002d60        0x0 c:/freescale/kds_v3/toolchain/bin/../lib/gcc/arm-none-eabi/4.8.4/armv6-m/crtbegin.o
 *(.init)
 .init          0x00002d60        0x4 c:/freescale/kds_v3/toolchain/bin/../lib/gcc/arm-none-eabi/4.8.4/armv6-m/crti.o
                0x00002d60                _init
 .init          0x00002d64        0x8 c:/freescale/kds_v3/toolchain/bin/../lib/gcc/arm-none-eabi/4.8.4/armv6-m/crtn.o
 *(.fini)
 .fini          0x00002d6c        0x4 c:/freescale/kds_v3/toolchain/bin/../lib/gcc/arm-none-eabi/4.8.4/armv6-m/crti.o
                0x00002d6c                _fini
 .fini          0x00002d70        0x8 c:/freescale/kds_v3/toolchain/bin/../lib/gcc/arm-none-eabi/4.8.4/armv6-m/crtn.o
                0x00002d78                . = ALIGN (0x4)
                0x00002d78                _etext = .

.vfp11_veneer   0x00002d78        0x0
 .vfp11_veneer  0x00000000        0x0 linker stubs

.v4_bx          0x00002d78        0x0
 .v4_bx         0x00000000        0x0 linker stubs

.iplt           0x00002d78        0x0
 .iplt          0x00000000        0x0 c:/freescale/kds_v3/toolchain/bin/../lib/gcc/arm-none-eabi/4.8.4/armv6-m/crtbegin.o

.ARM.extab
 *(.ARM.extab* .gnu.linkonce.armextab.*)

.ARM            0x00002d78        0x8
                0x00002d78                __exidx_start = .
 *(.ARM.exidx*)
 .ARM.exidx     0x00002d78        0x8 c:/freescale/kds_v3/toolchain/bin/../lib/gcc/arm-none-eabi/4.8.4/../../../../arm-none-eabi/lib/armv6-m/crt0.o
                0x00002d80                __exidx_end = .

.rel.dyn        0x00002d80        0x0
 .rel.iplt      0x00000000        0x0 c:/freescale/kds_v3/toolchain/bin/../lib/gcc/arm-none-eabi/4.8.4/armv6-m/crtbegin.o

.ctors          0x00002d80        0x0
                0x00002d80                __CTOR_LIST__ = .
 *crtbegin.o(.ctors)
 *(EXCLUDE_FILE(*crtend.o) .ctors)
 *(SORT(.ctors.*))
 *(.ctors)
                0x00002d80                __CTOR_END__ = .

.dtors          0x00002d80        0x0
                0x00002d80                __DTOR_LIST__ = .
 *crtbegin.o(.dtors)
 *(EXCLUDE_FILE(*crtend.o) .dtors)
 *(SORT(.dtors.*))
 *(.dtors)
                0x00002d80                __DTOR_END__ = .

.preinit_array  0x00002d80        0x0
                0x00002d80                PROVIDE (__preinit_array_start, .)
 *(.preinit_array*)
                0x00002d80                PROVIDE (__preinit_array_end, .)

.init_array     0x00002d80        0x4
                0x00002d80                PROVIDE (__init_array_start, .)
 *(SORT(.init_array.*))
 *(.init_array*)
 .init_array    0x00002d80        0x4 c:/freescale/kds_v3/toolchain/bin/../lib/gcc/arm-none-eabi/4.8.4/armv6-m/crtbegin.o
                0x00002d84                PROVIDE (__init_array_end, .)

.fini_array     0x00002d84        0x4
                0x00002d84                PROVIDE (__fini_array_start, .)
 *(SORT(.fini_array.*))
 *(.fini_array*)
 .fini_array    0x00002d84        0x4 c:/freescale/kds_v3/toolchain/bin/../lib/gcc/arm-none-eabi/4.8.4/armv6-m/crtbegin.o
                0x00002d88                PROVIDE (__fini_array_end, .)
                0x00002d88                ___ROM_AT = .

.mtb            0x1ffff000        0x0
                0x1ffff000                . = ALIGN (0x8)
                0x1ffff000                _mtb_start = .
 *(.mtb_buf)
                0x1ffff000                . = ALIGN (0x8)
                0x1ffff000                _mtb_end = .

.data           0x1ffff000       0x64 load address 0x00002d88
                0x1ffff000                . = ALIGN (0x4)
                0x1ffff000                _sdata = .
 *(.data)
 *(.data*)
 .data.line_center
                0x1ffff000        0x1 ./Sources/main.o
                0x1ffff000                line_center
 *fill*         0x1ffff001        0x3 
 .data.impure_data
                0x1ffff004       0x60 c:/freescale/kds_v3/toolchain/bin/../lib/gcc/arm-none-eabi/4.8.4/../../../../arm-none-eabi/lib/armv6-m\libg_s.a(lib_a-impure.o)
                0x1ffff064                . = ALIGN (0x4)
                0x1ffff064                _edata = .
                0x00000064                ___data_size = (_edata - _sdata)

.jcr            0x1ffff064        0x0 load address 0x00002dec
 .jcr           0x1ffff064        0x0 c:/freescale/kds_v3/toolchain/bin/../lib/gcc/arm-none-eabi/4.8.4/armv6-m/crtbegin.o

.igot.plt       0x1ffff064        0x0 load address 0x00002dec
 .igot.plt      0x00000000        0x0 c:/freescale/kds_v3/toolchain/bin/../lib/gcc/arm-none-eabi/4.8.4/armv6-m/crtbegin.o
                0x1ffff064                . = ALIGN (0x4)

.bss            0x1ffff064      0x624 load address 0x00002dec
                0x1ffff064                __START_BSS = .
                0x1ffff064                PROVIDE (__bss_start__, __START_BSS)
 *(.bss)
 .bss           0x1ffff064       0x1c c:/freescale/kds_v3/toolchain/bin/../lib/gcc/arm-none-eabi/4.8.4/armv6-m/crtbegin.o
 *(.bss*)
 .bss.count     0x1ffff080        0x1 ./Sources/Events.o
                0x1ffff080                count
 .bss.clk_state
                0x1ffff081        0x1 ./Sources/Events.o
                0x1ffff081                clk_state
 .bss.ModeFlg   0x1ffff082        0x1 ./Generated_Code/AD1.o
 *fill*         0x1ffff083        0x1 
 .bss.SampleGroup
                0x1ffff084        0x4 ./Generated_Code/AD1.o
 .bss.WaitForRes
                0x1ffff088        0x1 ./Generated_Code/AD1.o
 .bss.OutFlg    0x1ffff089        0x1 ./Generated_Code/AD1.o
 .bss.SerFlag   0x1ffff08a        0x2 ./Generated_Code/AS1.o
 .bss.AS1_InpLen
                0x1ffff08c        0x2 ./Generated_Code/AS1.o
 .bss.InpIndexR
                0x1ffff08e        0x2 ./Generated_Code/AS1.o
 .bss.InpIndexW
                0x1ffff090        0x2 ./Generated_Code/AS1.o
 *fill*         0x1ffff092        0x2 
 .bss.InpBuffer
                0x1ffff094       0xc8 ./Generated_Code/AS1.o
 .bss.BufferRead
                0x1ffff15c        0x1 ./Generated_Code/AS1.o
 *fill*         0x1ffff15d        0x1 
 .bss.AS1_OutLen
                0x1ffff15e        0x2 ./Generated_Code/AS1.o
 .bss.OutIndexR
                0x1ffff160        0x2 ./Generated_Code/AS1.o
 .bss.OutIndexW
                0x1ffff162        0x2 ./Generated_Code/AS1.o
 .bss.OutBuffer
                0x1ffff164       0xc8 ./Generated_Code/AS1.o
 .bss.OnFreeTxBufSemaphore
                0x1ffff22c        0x1 ./Generated_Code/AS1.o
 *fill*         0x1ffff22d        0x3 
 .bss.DeviceDataPrv__DEFAULT_RTOS_ALLOC
                0x1ffff230       0x20 ./Generated_Code/ASerialLdd1.o
 .bss.INT_UART0__DEFAULT_RTOS_ISRPARAM
                0x1ffff250        0x4 ./Generated_Code/ASerialLdd1.o
 .bss.DeviceDataPrv__DEFAULT_RTOS_ALLOC
                0x1ffff254        0x8 ./Generated_Code/AdcLdd1.o
 .bss.SR_lock   0x1ffff25c        0x1 ./Generated_Code/Cpu.o
                0x1ffff25c                SR_lock
 *fill*         0x1ffff25d        0x3 
 .bss.PE_LDD_DeviceDataList
                0x1ffff260       0x28 ./Generated_Code/PE_LDD.o
                0x1ffff260                PE_LDD_DeviceDataList
 .bss.DeviceDataPrv__DEFAULT_RTOS_ALLOC
                0x1ffff288        0xc ./Generated_Code/PwmLdd1.o
 .bss.DeviceDataPrv__DEFAULT_RTOS_ALLOC
                0x1ffff294        0xc ./Generated_Code/TU1.o
 .bss.INT_TPM0__DEFAULT_RTOS_ISRPARAM
                0x1ffff2a0        0x4 ./Generated_Code/TU1.o
 .bss.DeviceDataPrv__DEFAULT_RTOS_ALLOC
                0x1ffff2a4        0xc ./Generated_Code/TU2.o
 .bss.INT_TPM1__DEFAULT_RTOS_ISRPARAM
                0x1ffff2b0        0x4 ./Generated_Code/TU2.o
 .bss.DeviceDataPrv__DEFAULT_RTOS_ALLOC
                0x1ffff2b4        0xc ./Generated_Code/TU3.o
 .bss.INT_TPM2__DEFAULT_RTOS_ISRPARAM
                0x1ffff2c0        0x4 ./Generated_Code/TU3.o
 .bss.DeviceDataPrv__DEFAULT_RTOS_ALLOC
                0x1ffff2c4       0x14 ./Generated_Code/TimerIntLdd1.o
 .bss.DeviceDataPrv__DEFAULT_RTOS_ALLOC
                0x1ffff2d8       0x14 ./Generated_Code/TimerIntLdd2.o
 .bss.DeviceDataPrv__DEFAULT_RTOS_ALLOC
                0x1ffff2ec        0x4 ./Generated_Code/clk_cam.o
 .bss.DeviceDataPrv__DEFAULT_RTOS_ALLOC
                0x1ffff2f0        0x4 ./Generated_Code/si_cam.o
 *(COMMON)
 COMMON         0x1ffff2f4      0x384 ./Sources/main.o
                0x1ffff2f4                adc_val
                0x1ffff3f4                msg
                0x1ffff475                measure_adc_flag
                0x1ffff476                adc_index
                0x1ffff478                cam_binary
                0x1ffff578                adc_val_buf
 COMMON         0x1ffff678        0x8 ./Generated_Code/AD1.o
                0x1ffff678                AD1_OutV
                0x1ffff67c                AdcLdd1_DeviceDataPtr
 COMMON         0x1ffff680        0x4 ./Generated_Code/AS1.o
                0x1ffff680                ASerialLdd1_DeviceDataPtr
 COMMON         0x1ffff684        0x1 ./Generated_Code/Cpu.o
                0x1ffff684                SR_reg
                0x1ffff688                . = ALIGN (0x4)
 *fill*         0x1ffff685        0x3 
                0x1ffff688                __END_BSS = .
                0x1ffff688                PROVIDE (__bss_end__, __END_BSS)
                0x00002dec                _romp_at = (___ROM_AT + SIZEOF (.data))

.romp           0x1ffff688       0x18 load address 0x00002dec
                0x00002dec                __S_romp = _romp_at
                0x1ffff688        0x4 LONG 0x2d88 ___ROM_AT
                0x1ffff68c        0x4 LONG 0x1ffff000 _sdata
                0x1ffff690        0x4 LONG 0x64 ___data_size
                0x1ffff694        0x4 LONG 0x0
                0x1ffff698        0x4 LONG 0x0
                0x1ffff69c        0x4 LONG 0x0
                0x00020000                text_end = (ORIGIN (m_text) + 0x1fbf0)
                0x00002e04                data_init_end = ((___ROM_AT + SIZEOF (.data)) + SIZEOF (.romp))
                0x00000001                ASSERT ((data_init_end <= text_end), region m_text overflowed with text and data)

._user_heap_stack
                0x1ffff6a0      0x400 load address 0x00002e04
                0x1ffff6a0                . = ALIGN (0x4)
                0x1ffff6a0                PROVIDE (end, .)
                0x1ffff6a0                PROVIDE (_end, .)
                0x1ffff6a0                PROVIDE (__end__, .)
                0x1ffff6a0                __heap_addr = .
                0x1ffff6a0                __HeapBase = .
                0x1ffff6a0                . = (. + __heap_size)
                0x1ffff6a0                __HeapLimit = .
                0x1ffffaa0                . = (. + __stack_size)
 *fill*         0x1ffff6a0      0x400 
                0x1ffffaa0                . = ALIGN (0x4)

.ARM.attributes
                0x00000000       0x28
 *(.ARM.attributes)
 .ARM.attributes
                0x00000000       0x1e c:/freescale/kds_v3/toolchain/bin/../lib/gcc/arm-none-eabi/4.8.4/armv6-m/crti.o
 .ARM.attributes
                0x0000001e       0x2c c:/freescale/kds_v3/toolchain/bin/../lib/gcc/arm-none-eabi/4.8.4/armv6-m/crtbegin.o
 .ARM.attributes
                0x0000004a       0x1b c:/freescale/kds_v3/toolchain/bin/../lib/gcc/arm-none-eabi/4.8.4/../../../../arm-none-eabi/lib/armv6-m/crt0.o
 .ARM.attributes
                0x00000065       0x32 ./Sources/Events.o
 .ARM.attributes
                0x00000097       0x32 ./Sources/main.o
 .ARM.attributes
                0x000000c9       0x32 ./Project_Settings/Startup_Code/startup.o
 .ARM.attributes
                0x000000fb       0x32 ./Generated_Code/AD1.o
 .ARM.attributes
                0x0000012d       0x32 ./Generated_Code/AS1.o
 .ARM.attributes
                0x0000015f       0x32 ./Generated_Code/ASerialLdd1.o
 .ARM.attributes
                0x00000191       0x32 ./Generated_Code/AdcLdd1.o
 .ARM.attributes
                0x000001c3       0x32 ./Generated_Code/Cpu.o
 .ARM.attributes
                0x000001f5       0x32 ./Generated_Code/PE_LDD.o
 .ARM.attributes
                0x00000227       0x32 ./Generated_Code/PWM1.o
 .ARM.attributes
                0x00000259       0x32 ./Generated_Code/PwmLdd1.o
 .ARM.attributes
                0x0000028b       0x32 ./Generated_Code/TI1.o
 .ARM.attributes
                0x000002bd       0x32 ./Generated_Code/TI2.o
 .ARM.attributes
                0x000002ef       0x32 ./Generated_Code/TU1.o
 .ARM.attributes
                0x00000321       0x32 ./Generated_Code/TU2.o
 .ARM.attributes
                0x00000353       0x32 ./Generated_Code/TU3.o
 .ARM.attributes
                0x00000385       0x32 ./Generated_Code/TimerIntLdd1.o
 .ARM.attributes
                0x000003b7       0x32 ./Generated_Code/TimerIntLdd2.o
 .ARM.attributes
                0x000003e9       0x32 ./Generated_Code/Vectors.o
 .ARM.attributes
                0x0000041b       0x32 ./Generated_Code/clk_cam.o
 .ARM.attributes
                0x0000044d       0x32 ./Generated_Code/si_cam.o
 .ARM.attributes
                0x0000047f       0x1e c:/freescale/kds_v3/toolchain/bin/../lib/gcc/arm-none-eabi/4.8.4/armv6-m\libgcc.a(_arm_cmpsf2.o)
 .ARM.attributes
                0x0000049d       0x2c c:/freescale/kds_v3/toolchain/bin/../lib/gcc/arm-none-eabi/4.8.4/armv6-m\libgcc.a(_fixunssfsi.o)
 .ARM.attributes
                0x000004c9       0x2c c:/freescale/kds_v3/toolchain/bin/../lib/gcc/arm-none-eabi/4.8.4/armv6-m\libgcc.a(eqsf2.o)
 .ARM.attributes
                0x000004f5       0x2c c:/freescale/kds_v3/toolchain/bin/../lib/gcc/arm-none-eabi/4.8.4/armv6-m\libgcc.a(gesf2.o)
 .ARM.attributes
                0x00000521       0x2c c:/freescale/kds_v3/toolchain/bin/../lib/gcc/arm-none-eabi/4.8.4/armv6-m\libgcc.a(lesf2.o)
 .ARM.attributes
                0x0000054d       0x2c c:/freescale/kds_v3/toolchain/bin/../lib/gcc/arm-none-eabi/4.8.4/armv6-m\libgcc.a(mulsf3.o)
 .ARM.attributes
                0x00000579       0x2c c:/freescale/kds_v3/toolchain/bin/../lib/gcc/arm-none-eabi/4.8.4/armv6-m\libgcc.a(subsf3.o)
 .ARM.attributes
                0x000005a5       0x2c c:/freescale/kds_v3/toolchain/bin/../lib/gcc/arm-none-eabi/4.8.4/armv6-m\libgcc.a(fixsfsi.o)
 .ARM.attributes
                0x000005d1       0x2c c:/freescale/kds_v3/toolchain/bin/../lib/gcc/arm-none-eabi/4.8.4/armv6-m\libgcc.a(floatsisf.o)
 .ARM.attributes
                0x000005fd       0x1e c:/freescale/kds_v3/toolchain/bin/../lib/gcc/arm-none-eabi/4.8.4/armv6-m\libgcc.a(_clzsi2.o)
 .ARM.attributes
                0x0000061b       0x2c c:/freescale/kds_v3/toolchain/bin/../lib/gcc/arm-none-eabi/4.8.4/../../../../arm-none-eabi/lib/armv6-m\libg_s.a(lib_a-exit.o)
 .ARM.attributes
                0x00000647       0x2c c:/freescale/kds_v3/toolchain/bin/../lib/gcc/arm-none-eabi/4.8.4/../../../../arm-none-eabi/lib/armv6-m\libg_s.a(lib_a-impure.o)
 .ARM.attributes
                0x00000673       0x2c c:/freescale/kds_v3/toolchain/bin/../lib/gcc/arm-none-eabi/4.8.4/../../../../arm-none-eabi/lib/armv6-m\libg_s.a(lib_a-init.o)
 .ARM.attributes
                0x0000069f       0x2c c:/freescale/kds_v3/toolchain/bin/../lib/gcc/arm-none-eabi/4.8.4/../../../../arm-none-eabi/lib/armv6-m\libg_s.a(lib_a-memset.o)
 .ARM.attributes
                0x000006cb       0x2c c:/freescale/kds_v3/toolchain/bin/../lib/gcc/arm-none-eabi/4.8.4/../../../../arm-none-eabi/lib/armv6-m\libnosys.a(_exit.o)
 .ARM.attributes
                0x000006f7       0x1e c:/freescale/kds_v3/toolchain/bin/../lib/gcc/arm-none-eabi/4.8.4/armv6-m/crtn.o
OUTPUT(lab7.elf elf32-littlearm)

.debug_info     0x00000000     0x4e77
 .debug_info    0x00000000      0x21c ./Sources/Events.o
 .debug_info    0x0000021c      0x1dd ./Sources/main.o
 .debug_info    0x000003f9      0x20a ./Project_Settings/Startup_Code/startup.o
 .debug_info    0x00000603      0x218 ./Generated_Code/AD1.o
 .debug_info    0x0000081b      0x509 ./Generated_Code/AS1.o
 .debug_info    0x00000d24      0x820 ./Generated_Code/ASerialLdd1.o
 .debug_info    0x00001544      0x757 ./Generated_Code/AdcLdd1.o
 .debug_info    0x00001c9b      0x842 ./Generated_Code/Cpu.o
 .debug_info    0x000024dd      0x251 ./Generated_Code/PE_LDD.o
 .debug_info    0x0000272e       0xb2 ./Generated_Code/PWM1.o
 .debug_info    0x000027e0      0x309 ./Generated_Code/PwmLdd1.o
 .debug_info    0x00002ae9       0xb2 ./Generated_Code/TI1.o
 .debug_info    0x00002b9b       0xb2 ./Generated_Code/TI2.o
 .debug_info    0x00002c4d      0x73a ./Generated_Code/TU1.o
 .debug_info    0x00003387      0x739 ./Generated_Code/TU2.o
 .debug_info    0x00003ac0      0x7db ./Generated_Code/TU3.o
 .debug_info    0x0000429b      0x1d4 ./Generated_Code/TimerIntLdd1.o
 .debug_info    0x0000446f      0x1d4 ./Generated_Code/TimerIntLdd2.o
 .debug_info    0x00004643      0x10e ./Generated_Code/Vectors.o
 .debug_info    0x00004751      0x3a6 ./Generated_Code/clk_cam.o
 .debug_info    0x00004af7      0x380 ./Generated_Code/si_cam.o

.debug_abbrev   0x00000000     0x1821
 .debug_abbrev  0x00000000       0xf4 ./Sources/Events.o
 .debug_abbrev  0x000000f4       0xc3 ./Sources/main.o
 .debug_abbrev  0x000001b7      0x11e ./Project_Settings/Startup_Code/startup.o
 .debug_abbrev  0x000002d5      0x123 ./Generated_Code/AD1.o
 .debug_abbrev  0x000003f8      0x1d6 ./Generated_Code/AS1.o
 .debug_abbrev  0x000005ce      0x1b8 ./Generated_Code/ASerialLdd1.o
 .debug_abbrev  0x00000786      0x1a0 ./Generated_Code/AdcLdd1.o
 .debug_abbrev  0x00000926      0x14f ./Generated_Code/Cpu.o
 .debug_abbrev  0x00000a75      0x10d ./Generated_Code/PE_LDD.o
 .debug_abbrev  0x00000b82       0x68 ./Generated_Code/PWM1.o
 .debug_abbrev  0x00000bea      0x13c ./Generated_Code/PwmLdd1.o
 .debug_abbrev  0x00000d26       0x68 ./Generated_Code/TI1.o
 .debug_abbrev  0x00000d8e       0x68 ./Generated_Code/TI2.o
 .debug_abbrev  0x00000df6      0x1b4 ./Generated_Code/TU1.o
 .debug_abbrev  0x00000faa      0x1b4 ./Generated_Code/TU2.o
 .debug_abbrev  0x0000115e      0x1d0 ./Generated_Code/TU3.o
 .debug_abbrev  0x0000132e       0xdd ./Generated_Code/TimerIntLdd1.o
 .debug_abbrev  0x0000140b       0xdd ./Generated_Code/TimerIntLdd2.o
 .debug_abbrev  0x000014e8       0xa4 ./Generated_Code/Vectors.o
 .debug_abbrev  0x0000158c      0x15f ./Generated_Code/clk_cam.o
 .debug_abbrev  0x000016eb      0x136 ./Generated_Code/si_cam.o

.debug_aranges  0x00000000      0x530
 .debug_aranges
                0x00000000       0x60 ./Sources/Events.o
 .debug_aranges
                0x00000060       0x20 ./Sources/main.o
 .debug_aranges
                0x00000080       0x50 ./Project_Settings/Startup_Code/startup.o
 .debug_aranges
                0x000000d0       0x48 ./Generated_Code/AD1.o
 .debug_aranges
                0x00000118       0x88 ./Generated_Code/AS1.o
 .debug_aranges
                0x000001a0       0x50 ./Generated_Code/ASerialLdd1.o
 .debug_aranges
                0x000001f0       0x50 ./Generated_Code/AdcLdd1.o
 .debug_aranges
                0x00000240       0x38 ./Generated_Code/Cpu.o
 .debug_aranges
                0x00000278       0x30 ./Generated_Code/PE_LDD.o
 .debug_aranges
                0x000002a8       0x20 ./Generated_Code/PWM1.o
 .debug_aranges
                0x000002c8       0x48 ./Generated_Code/PwmLdd1.o
 .debug_aranges
                0x00000310       0x20 ./Generated_Code/TI1.o
 .debug_aranges
                0x00000330       0x20 ./Generated_Code/TI2.o
 .debug_aranges
                0x00000350       0x50 ./Generated_Code/TU1.o
 .debug_aranges
                0x000003a0       0x50 ./Generated_Code/TU2.o
 .debug_aranges
                0x000003f0       0x50 ./Generated_Code/TU3.o
 .debug_aranges
                0x00000440       0x28 ./Generated_Code/TimerIntLdd1.o
 .debug_aranges
                0x00000468       0x28 ./Generated_Code/TimerIntLdd2.o
 .debug_aranges
                0x00000490       0x18 ./Generated_Code/Vectors.o
 .debug_aranges
                0x000004a8       0x48 ./Generated_Code/clk_cam.o
 .debug_aranges
                0x000004f0       0x40 ./Generated_Code/si_cam.o

.debug_ranges   0x00000000      0x3d8
 .debug_ranges  0x00000000       0x50 ./Sources/Events.o
 .debug_ranges  0x00000050       0x10 ./Sources/main.o
 .debug_ranges  0x00000060       0x40 ./Project_Settings/Startup_Code/startup.o
 .debug_ranges  0x000000a0       0x38 ./Generated_Code/AD1.o
 .debug_ranges  0x000000d8       0x78 ./Generated_Code/AS1.o
 .debug_ranges  0x00000150       0x40 ./Generated_Code/ASerialLdd1.o
 .debug_ranges  0x00000190       0x40 ./Generated_Code/AdcLdd1.o
 .debug_ranges  0x000001d0       0x28 ./Generated_Code/Cpu.o
 .debug_ranges  0x000001f8       0x20 ./Generated_Code/PE_LDD.o
 .debug_ranges  0x00000218       0x10 ./Generated_Code/PWM1.o
 .debug_ranges  0x00000228       0x38 ./Generated_Code/PwmLdd1.o
 .debug_ranges  0x00000260       0x10 ./Generated_Code/TI1.o
 .debug_ranges  0x00000270       0x10 ./Generated_Code/TI2.o
 .debug_ranges  0x00000280       0x40 ./Generated_Code/TU1.o
 .debug_ranges  0x000002c0       0x40 ./Generated_Code/TU2.o
 .debug_ranges  0x00000300       0x40 ./Generated_Code/TU3.o
 .debug_ranges  0x00000340       0x18 ./Generated_Code/TimerIntLdd1.o
 .debug_ranges  0x00000358       0x18 ./Generated_Code/TimerIntLdd2.o
 .debug_ranges  0x00000370       0x38 ./Generated_Code/clk_cam.o
 .debug_ranges  0x000003a8       0x30 ./Generated_Code/si_cam.o

.debug_macro    0x00000000    0x13677
 .debug_macro   0x00000000      0x1bf ./Sources/Events.o
 .debug_macro   0x000001bf      0x802 ./Sources/Events.o
 .debug_macro   0x000009c1       0x16 ./Sources/Events.o
 .debug_macro   0x000009d7       0x44 ./Sources/Events.o
 .debug_macro   0x00000a1b      0x209 ./Sources/Events.o
 .debug_macro   0x00000c24     0x15ae ./Sources/Events.o
 .debug_macro   0x000021d2      0x14e ./Sources/Events.o
 .debug_macro   0x00002320       0x64 ./Sources/Events.o
 .debug_macro   0x00002384     0x6691 ./Sources/Events.o
 .debug_macro   0x00008a15       0x94 ./Sources/Events.o
 .debug_macro   0x00008aa9       0x94 ./Sources/Events.o
 .debug_macro   0x00008b3d      0x1d6 ./Sources/Events.o
 .debug_macro   0x00008d13       0x7b ./Sources/Events.o
 .debug_macro   0x00008d8e       0x1c ./Sources/Events.o
 .debug_macro   0x00008daa       0x81 ./Sources/Events.o
 .debug_macro   0x00008e2b       0x1c ./Sources/Events.o
 .debug_macro   0x00008e47       0x81 ./Sources/Events.o
 .debug_macro   0x00008ec8       0x3f ./Sources/Events.o
 .debug_macro   0x00008f07       0x25 ./Sources/Events.o
 .debug_macro   0x00008f2c      0x132 ./Sources/Events.o
 .debug_macro   0x0000905e       0x46 ./Sources/Events.o
 .debug_macro   0x000090a4       0x46 ./Sources/Events.o
 .debug_macro   0x000090ea       0x65 ./Sources/Events.o
 .debug_macro   0x0000914f       0x20 ./Sources/Events.o
 .debug_macro   0x0000916f      0x61c ./Sources/Events.o
 .debug_macro   0x0000978b       0x6d ./Sources/Events.o
 .debug_macro   0x000097f8       0x17 ./Sources/Events.o
 .debug_macro   0x0000980f      0x1ad ./Sources/main.o
 .debug_macro   0x000099bc      0x121 ./Project_Settings/Startup_Code/startup.o
 .debug_macro   0x00009add       0x58 ./Project_Settings/Startup_Code/startup.o
 .debug_macro   0x00009b35       0x35 ./Project_Settings/Startup_Code/startup.o
 .debug_macro   0x00009b6a       0xa3 ./Project_Settings/Startup_Code/startup.o
 .debug_macro   0x00009c0d      0x166 ./Project_Settings/Startup_Code/startup.o
 .debug_macro   0x00009d73       0x4a ./Project_Settings/Startup_Code/startup.o
 .debug_macro   0x00009dbd       0x52 ./Project_Settings/Startup_Code/startup.o
 .debug_macro   0x00009e0f       0x16 ./Project_Settings/Startup_Code/startup.o
 .debug_macro   0x00009e25       0x43 ./Project_Settings/Startup_Code/startup.o
 .debug_macro   0x00009e68      0x180 ./Project_Settings/Startup_Code/startup.o
 .debug_macro   0x00009fe8      0x2a6 ./Project_Settings/Startup_Code/startup.o
 .debug_macro   0x0000a28e       0x10 ./Project_Settings/Startup_Code/startup.o
 .debug_macro   0x0000a29e       0x35 ./Project_Settings/Startup_Code/startup.o
 .debug_macro   0x0000a2d3       0x16 ./Project_Settings/Startup_Code/startup.o
 .debug_macro   0x0000a2e9       0x22 ./Project_Settings/Startup_Code/startup.o
 .debug_macro   0x0000a30b       0x10 ./Project_Settings/Startup_Code/startup.o
 .debug_macro   0x0000a31b      0x20f ./Project_Settings/Startup_Code/startup.o
 .debug_macro   0x0000a52a     0x6685 ./Project_Settings/Startup_Code/startup.o
 .debug_macro   0x00010baf       0xd5 ./Generated_Code/AD1.o
 .debug_macro   0x00010c84       0x9a ./Generated_Code/AD1.o
 .debug_macro   0x00010d1e      0x616 ./Generated_Code/AD1.o
 .debug_macro   0x00011334      0x236 ./Generated_Code/AS1.o
 .debug_macro   0x0001156a       0x5f ./Generated_Code/AS1.o
 .debug_macro   0x000115c9       0xc5 ./Generated_Code/ASerialLdd1.o
 .debug_macro   0x0001168e       0x26 ./Generated_Code/ASerialLdd1.o
 .debug_macro   0x000116b4      0x2fd ./Generated_Code/ASerialLdd1.o
 .debug_macro   0x000119b1      0x99c ./Generated_Code/ASerialLdd1.o
 .debug_macro   0x0001234d       0xc1 ./Generated_Code/AdcLdd1.o
 .debug_macro   0x0001240e      0x1c2 ./Generated_Code/Cpu.o
 .debug_macro   0x000125d0       0x22 ./Generated_Code/Cpu.o
 .debug_macro   0x000125f2      0x16d ./Generated_Code/PE_LDD.o
 .debug_macro   0x0001275f      0x1a7 ./Generated_Code/PWM1.o
 .debug_macro   0x00012906       0xd0 ./Generated_Code/PwmLdd1.o
 .debug_macro   0x000129d6       0x7b ./Generated_Code/PwmLdd1.o
 .debug_macro   0x00012a51      0x1a7 ./Generated_Code/TI1.o
 .debug_macro   0x00012bf8      0x1a7 ./Generated_Code/TI2.o
 .debug_macro   0x00012d9f       0xc3 ./Generated_Code/TU1.o
 .debug_macro   0x00012e62       0xc3 ./Generated_Code/TU2.o
 .debug_macro   0x00012f25       0x7b ./Generated_Code/TU2.o
 .debug_macro   0x00012fa0       0xca ./Generated_Code/TU3.o
 .debug_macro   0x0001306a       0xcb ./Generated_Code/TimerIntLdd1.o
 .debug_macro   0x00013135       0xcb ./Generated_Code/TimerIntLdd2.o
 .debug_macro   0x00013200      0x1bf ./Generated_Code/Vectors.o
 .debug_macro   0x000133bf       0xa6 ./Generated_Code/clk_cam.o
 .debug_macro   0x00013465      0x12c ./Generated_Code/clk_cam.o
 .debug_macro   0x00013591       0xa6 ./Generated_Code/si_cam.o
 .debug_macro   0x00013637       0x40 ./Generated_Code/si_cam.o

.debug_line     0x00000000     0x4ac7
 .debug_line    0x00000000      0x419 ./Sources/Events.o
 .debug_line    0x00000419      0x3a2 ./Sources/main.o
 .debug_line    0x000007bb      0x3d2 ./Project_Settings/Startup_Code/startup.o
 .debug_line    0x00000b8d      0x2f8 ./Generated_Code/AD1.o
 .debug_line    0x00000e85      0x623 ./Generated_Code/AS1.o
 .debug_line    0x000014a8      0x38a ./Generated_Code/ASerialLdd1.o
 .debug_line    0x00001832      0x325 ./Generated_Code/AdcLdd1.o
 .debug_line    0x00001b57      0x4f7 ./Generated_Code/Cpu.o
 .debug_line    0x0000204e      0x36e ./Generated_Code/PE_LDD.o
 .debug_line    0x000023bc      0x3b7 ./Generated_Code/PWM1.o
 .debug_line    0x00002773      0x2fb ./Generated_Code/PwmLdd1.o
 .debug_line    0x00002a6e      0x3b5 ./Generated_Code/TI1.o
 .debug_line    0x00002e23      0x3b5 ./Generated_Code/TI2.o
 .debug_line    0x000031d8      0x32e ./Generated_Code/TU1.o
 .debug_line    0x00003506      0x32a ./Generated_Code/TU2.o
 .debug_line    0x00003830      0x332 ./Generated_Code/TU3.o
 .debug_line    0x00003b62      0x2aa ./Generated_Code/TimerIntLdd1.o
 .debug_line    0x00003e0c      0x2aa ./Generated_Code/TimerIntLdd2.o
 .debug_line    0x000040b6      0x485 ./Generated_Code/Vectors.o
 .debug_line    0x0000453b      0x2d0 ./Generated_Code/clk_cam.o
 .debug_line    0x0000480b      0x2bc ./Generated_Code/si_cam.o

.debug_str      0x00000000    0x42210
 .debug_str     0x00000000    0x33d44 ./Sources/Events.o
                              0x34151 (size before relaxing)
 .debug_str     0x00033d44       0x4b ./Sources/main.o
                              0x3406d (size before relaxing)
 .debug_str     0x00033d8f     0x25f0 ./Project_Settings/Startup_Code/startup.o
                              0x27312 (size before relaxing)
 .debug_str     0x0003637f      0x126 ./Generated_Code/AD1.o
                              0x30fad (size before relaxing)
 .debug_str     0x000364a5      0x31e ./Generated_Code/AS1.o
                              0x3436e (size before relaxing)
 .debug_str     0x000367c3     0xac0f ./Generated_Code/ASerialLdd1.o
                              0x36fe3 (size before relaxing)
 .debug_str     0x000413d2      0x2aa ./Generated_Code/AdcLdd1.o
                              0x312bb (size before relaxing)
 .debug_str     0x0004167c      0x19c ./Generated_Code/Cpu.o
                              0x342f2 (size before relaxing)
 .debug_str     0x00041818      0x177 ./Generated_Code/PE_LDD.o
                              0x341a6 (size before relaxing)
 .debug_str     0x0004198f       0x27 ./Generated_Code/PWM1.o
                              0x34011 (size before relaxing)
 .debug_str     0x000419b6      0x11b ./Generated_Code/PwmLdd1.o
                              0x2e09c (size before relaxing)
 .debug_str     0x00041ad1       0x31 ./Generated_Code/TI1.o
                              0x3401b (size before relaxing)
 .debug_str     0x00041b02       0x31 ./Generated_Code/TI2.o
                              0x3401b (size before relaxing)
 .debug_str     0x00041b33      0x1b0 ./Generated_Code/TU1.o
                              0x2e0c0 (size before relaxing)
 .debug_str     0x00041ce3       0xdd ./Generated_Code/TU2.o
                              0x2e0be (size before relaxing)
 .debug_str     0x00041dc0      0x1ca ./Generated_Code/TU3.o
                              0x2e1fa (size before relaxing)
 .debug_str     0x00041f8a       0xa4 ./Generated_Code/TimerIntLdd1.o
                              0x2de92 (size before relaxing)
 .debug_str     0x0004202e       0x5b ./Generated_Code/TimerIntLdd2.o
                              0x2de90 (size before relaxing)
 .debug_str     0x00042089       0x1c ./Generated_Code/Vectors.o
                              0x34039 (size before relaxing)
 .debug_str     0x000420a5       0xe3 ./Generated_Code/clk_cam.o
                              0x2cc46 (size before relaxing)
 .debug_str     0x00042188       0x88 ./Generated_Code/si_cam.o
                              0x2cc04 (size before relaxing)

.comment        0x00000000       0x70
 .comment       0x00000000       0x70 ./Sources/Events.o
                                 0x71 (size before relaxing)
 .comment       0x00000000       0x71 ./Sources/main.o
 .comment       0x00000000       0x71 ./Project_Settings/Startup_Code/startup.o
 .comment       0x00000000       0x71 ./Generated_Code/AD1.o
 .comment       0x00000000       0x71 ./Generated_Code/AS1.o
 .comment       0x00000000       0x71 ./Generated_Code/ASerialLdd1.o
 .comment       0x00000000       0x71 ./Generated_Code/AdcLdd1.o
 .comment       0x00000000       0x71 ./Generated_Code/Cpu.o
 .comment       0x00000000       0x71 ./Generated_Code/PE_LDD.o
 .comment       0x00000000       0x71 ./Generated_Code/PWM1.o
 .comment       0x00000000       0x71 ./Generated_Code/PwmLdd1.o
 .comment       0x00000000       0x71 ./Generated_Code/TI1.o
 .comment       0x00000000       0x71 ./Generated_Code/TI2.o
 .comment       0x00000000       0x71 ./Generated_Code/TU1.o
 .comment       0x00000000       0x71 ./Generated_Code/TU2.o
 .comment       0x00000000       0x71 ./Generated_Code/TU3.o
 .comment       0x00000000       0x71 ./Generated_Code/TimerIntLdd1.o
 .comment       0x00000000       0x71 ./Generated_Code/TimerIntLdd2.o
 .comment       0x00000000       0x71 ./Generated_Code/Vectors.o
 .comment       0x00000000       0x71 ./Generated_Code/clk_cam.o
 .comment       0x00000000       0x71 ./Generated_Code/si_cam.o

.debug_frame    0x00000000      0xfbc
 .debug_frame   0x00000000      0x114 ./Sources/Events.o
 .debug_frame   0x00000114       0x30 ./Sources/main.o
 .debug_frame   0x00000144       0xd0 ./Project_Settings/Startup_Code/startup.o
 .debug_frame   0x00000214       0xc0 ./Generated_Code/AD1.o
 .debug_frame   0x000002d4      0x1c4 ./Generated_Code/AS1.o
 .debug_frame   0x00000498       0xf8 ./Generated_Code/ASerialLdd1.o
 .debug_frame   0x00000590       0xf0 ./Generated_Code/AdcLdd1.o
 .debug_frame   0x00000680       0x80 ./Generated_Code/Cpu.o
 .debug_frame   0x00000700       0x6c ./Generated_Code/PE_LDD.o
 .debug_frame   0x0000076c       0x30 ./Generated_Code/PWM1.o
 .debug_frame   0x0000079c       0xd0 ./Generated_Code/PwmLdd1.o
 .debug_frame   0x0000086c       0x30 ./Generated_Code/TI1.o
 .debug_frame   0x0000089c       0x30 ./Generated_Code/TI2.o
 .debug_frame   0x000008cc       0xf0 ./Generated_Code/TU1.o
 .debug_frame   0x000009bc       0xf0 ./Generated_Code/TU2.o
 .debug_frame   0x00000aac       0xf0 ./Generated_Code/TU3.o
 .debug_frame   0x00000b9c       0x50 ./Generated_Code/TimerIntLdd1.o
 .debug_frame   0x00000bec       0x50 ./Generated_Code/TimerIntLdd2.o
 .debug_frame   0x00000c3c       0xd0 ./Generated_Code/clk_cam.o
 .debug_frame   0x00000d0c       0xb0 ./Generated_Code/si_cam.o
 .debug_frame   0x00000dbc       0x28 c:/freescale/kds_v3/toolchain/bin/../lib/gcc/arm-none-eabi/4.8.4/armv6-m\libgcc.a(_fixunssfsi.o)
 .debug_frame   0x00000de4       0x2c c:/freescale/kds_v3/toolchain/bin/../lib/gcc/arm-none-eabi/4.8.4/armv6-m\libgcc.a(eqsf2.o)
 .debug_frame   0x00000e10       0x30 c:/freescale/kds_v3/toolchain/bin/../lib/gcc/arm-none-eabi/4.8.4/armv6-m\libgcc.a(gesf2.o)
 .debug_frame   0x00000e40       0x30 c:/freescale/kds_v3/toolchain/bin/../lib/gcc/arm-none-eabi/4.8.4/armv6-m\libgcc.a(lesf2.o)
 .debug_frame   0x00000e70       0x3c c:/freescale/kds_v3/toolchain/bin/../lib/gcc/arm-none-eabi/4.8.4/armv6-m\libgcc.a(mulsf3.o)
 .debug_frame   0x00000eac       0x30 c:/freescale/kds_v3/toolchain/bin/../lib/gcc/arm-none-eabi/4.8.4/armv6-m\libgcc.a(subsf3.o)
 .debug_frame   0x00000edc       0x20 c:/freescale/kds_v3/toolchain/bin/../lib/gcc/arm-none-eabi/4.8.4/armv6-m\libgcc.a(fixsfsi.o)
 .debug_frame   0x00000efc       0x2c c:/freescale/kds_v3/toolchain/bin/../lib/gcc/arm-none-eabi/4.8.4/armv6-m\libgcc.a(floatsisf.o)
 .debug_frame   0x00000f28       0x28 c:/freescale/kds_v3/toolchain/bin/../lib/gcc/arm-none-eabi/4.8.4/../../../../arm-none-eabi/lib/armv6-m\libg_s.a(lib_a-exit.o)
 .debug_frame   0x00000f50       0x2c c:/freescale/kds_v3/toolchain/bin/../lib/gcc/arm-none-eabi/4.8.4/../../../../arm-none-eabi/lib/armv6-m\libg_s.a(lib_a-init.o)
 .debug_frame   0x00000f7c       0x20 c:/freescale/kds_v3/toolchain/bin/../lib/gcc/arm-none-eabi/4.8.4/../../../../arm-none-eabi/lib/armv6-m\libg_s.a(lib_a-memset.o)
 .debug_frame   0x00000f9c       0x20 c:/freescale/kds_v3/toolchain/bin/../lib/gcc/arm-none-eabi/4.8.4/../../../../arm-none-eabi/lib/armv6-m\libnosys.a(_exit.o)
